---
source: crates/cpg-core/tests/analysis.rs
expression: selection
---
+--------------------------------------------------------------------------------------------------------------------------------------------------------------------------------------------------------------------------------------------------+----------------------------------------------------------------------------------------------------------------------------------------------------------------------------------+
| parameters                                                                                                                                                                                                                                       | diagnostics                                                                                                                                                                      |
+--------------------------------------------------------------------------------------------------------------------------------------------------------------------------------------------------------------------------------------------------+----------------------------------------------------------------------------------------------------------------------------------------------------------------------------------+
| {"budget":8,"rule":"configured seeds first; then rounds over the communities (those holding no chosen seed first, then by their most central member), each taking its most central unchosen documented public API, until the budget is reached"} | {"configured":["pkg.Server.tool","pkg.helper","pkg.Server.route","pkg.describe","pkg.configure","pkg.Catalog.add_tool"],"selected":["pkg.helpers.finish","pkg.helpers.prepare"]} |
+--------------------------------------------------------------------------------------------------------------------------------------------------------------------------------------------------------------------------------------------------+----------------------------------------------------------------------------------------------------------------------------------------------------------------------------------+
