---
source: crates/cpg-core/tests/analysis.rs
expression: relational
---
+------+----------+-------+-------------------+----------------+---------------------+
| kind | modality | phase | producer_modality | producer_phase | display             |
+------+----------+-------+-------------------+----------------+---------------------+
| 5    | 0        | 0     |                   |                | pkg.helpers.prepare |
+------+----------+-------+-------------------+----------------+---------------------+
