---
source: crates/lctx-model/tests/semantics.rs
expression: table
---
[
    "identity · identity = Transfer(Identity)",
    "identity · derived = Transfer(Derived)",
    "identity · control = Selection",
    "derived · identity = Transfer(Derived)",
    "derived · derived = Transfer(Derived)",
    "derived · control = Selection",
    "control · identity = Selection",
    "control · derived = Selection",
    "control · control = Selection",
]
