---
source: crates/cpg-core/tests/analysis.rs
expression: "text(&ctx,\n\"SELECT b.title, d.chunk, d.text FROM brief_documents d \\\n             JOIN briefs b ON b.brief_id = d.brief_id ORDER BY b.title, d.chunk\").await"
---
+------------------+-------+----------------------------------------------------------------------------------------------------------------------------------------------------------------------------------------------------------------------------------------------------------------------------------------------------------------------------------------------------------+
| title            | chunk | text                                                                                                                                                                                                                                                                                                                                                     |
+------------------+-------+----------------------------------------------------------------------------------------------------------------------------------------------------------------------------------------------------------------------------------------------------------------------------------------------------------------------------------------------------------+
| pkg.Server.route | 0     | Outcome: Register a handler at `path`.                                                                                                                                                                                                                                                                                                                   |
|                  |       | Public APIs: pkg.Server.route, pkg.server.Server.route                                                                                                                                                                                                                                                                                                   |
|                  |       | Built-in controls: path                                                                                                                                                                                                                                                                                                                                  |
| pkg.Server.tool  | 0     | Outcome: Register `fn` as a tool.                                                                                                                                                                                                                                                                                                                        |
|                  |       | Public APIs: pkg.Server.tool, pkg.server.Server.tool                                                                                                                                                                                                                                                                                                     |
|                  |       | Built-in controls: fn                                                                                                                                                                                                                                                                                                                                    |
|                  |       | Conditions and limitations: `pkg.helpers.prepare` raises (`raise TypeError`) when `isinstance(fn, str)`; its `fn` receives `fn`.                                                                                                                                                                                                                         |
| pkg.configure    | 0     | Outcome: Configure a component.                                                                                                                                                                                                                                                                                                                          |
|                  |       | Public APIs: pkg.configure, pkg.controls.configure                                                                                                                                                                                                                                                                                                       |
|                  |       | Built-in controls: name, size, extra, mode, options                                                                                                                                                                                                                                                                                                      |
|                  |       | Conditions and limitations: `pkg.controls.build` raises (`raise ValueError`) when `not label`; its `label` receives `name`. `pkg.controls.validate` raises (`raise ValueError`) when `mode not in ("fast", "slow")`; its `mode` receives `mode`. `pkg.controls.Registry.add` raises (`raise TypeError`) when `item is None`; its `item` receives `name`. |
| pkg.describe     | 0     | Outcome: Describe the package in one line.                                                                                                                                                                                                                                                                                                               |
|                  |       | Public APIs: pkg.describe, pkg.helpers.describe                                                                                                                                                                                                                                                                                                          |
|                  |       | Built-in controls:                                                                                                                                                                                                                                                                                                                                       |
| pkg.helper       | 0     | Outcome: Run `fn` through the finishing step — once.                                                                                                                                                                                                                                                                                                     |
|                  |       | Public APIs: pkg.helper, pkg.helpers.helper                                                                                                                                                                                                                                                                                                              |
|                  |       | Built-in controls: fn, n                                                                                                                                                                                                                                                                                                                                 |
+------------------+-------+----------------------------------------------------------------------------------------------------------------------------------------------------------------------------------------------------------------------------------------------------------------------------------------------------------------------------------------------------------+
