---
source: crates/cpg-core/tests/analysis.rs
expression: "text(&ctx,\n&format!(\"SELECT {LABEL} AS seed, i.method, i.parameters, i.library_versions, \\\n                        i.completion, i.stop_reason, i.vertices_examined, i.arcs_examined \\\n                 FROM analysis_invocations i {} ORDER BY seed\",\nlabelled(\"i.subject_node_id\"))).await"
---
+------------------------+--------+-----------------------------------------------------------------------------------------------------------------------------------------------------------------------------------------------+-------------------------------------+------------+-------------+-------------------+---------------+
| seed                   | method | parameters                                                                                                                                                                                    | library_versions                    | completion | stop_reason | vertices_examined | arcs_examined |
+------------------------+--------+-----------------------------------------------------------------------------------------------------------------------------------------------------------------------------------------------+-------------------------------------+------------+-------------+-------------------+---------------+
| pkg.helpers.helper     | 0      | {"seed":"pkg.helper","max_depth":2,"max_vertices":128,"max_edges":512,"max_witnesses":3,"module_prefixes":["pkg.server","pkg.helpers","pkg.handlers","pkg.boot"],"public_roots":["pkg"]}      | [fixedbitset 0.5.7, petgraph 0.8.3] | 0          |             | 2                 | 1             |
| pkg.server.Server.tool | 0      | {"seed":"pkg.Server.tool","max_depth":2,"max_vertices":128,"max_edges":512,"max_witnesses":3,"module_prefixes":["pkg.server","pkg.helpers","pkg.handlers","pkg.boot"],"public_roots":["pkg"]} | [fixedbitset 0.5.7, petgraph 0.8.3] | 0          | 0           | 9                 | 18            |
+------------------------+--------+-----------------------------------------------------------------------------------------------------------------------------------------------------------------------------------------------+-------------------------------------+------------+-------------+-------------------+---------------+
