---
source: crates/cpg-core/tests/analysis.rs
expression: "text(&ctx,\n\"SELECT m.label FROM finding_members m \\\n             JOIN findings f ON f.finding_id = m.finding_id \\\n             WHERE f.finding_kind <> 11 ORDER BY m.label\").await"
---
+--------------------------------+
| label                          |
+--------------------------------+
| 2                              |
| True                           |
| alias                          |
| alias                          |
| capacity                       |
| computed                       |
| conditional                    |
| conditional                    |
| conditional                    |
| count                          |
| extra                          |
| fn                             |
| fn                             |
| fn                             |
| fn                             |
| fn                             |
| fn                             |
| item                           |
| label                          |
| label                          |
| label                          |
| mode                           |
| mode                           |
| mode                           |
| mode                           |
| name                           |
| name                           |
| name                           |
| name                           |
| name                           |
| name                           |
| name                           |
| name                           |
| name                           |
| name                           |
| name                           |
| name                           |
| name                           |
| name                           |
| name                           |
| name                           |
| name                           |
| note                           |
| options                        |
| parameter fn                   |
| parameter fn                   |
| parameter fn                   |
| parameter fn                   |
| parameter fn                   |
| parameter fn                   |
| parameter fn                   |
| parameter fn                   |
| parameter fn                   |
| parameter name                 |
| parameter name                 |
| parameter name                 |
| parameter name                 |
| parameter name                 |
| parameter name                 |
| parameter name                 |
| parameter name                 |
| parameter name                 |
| parameter path                 |
| parameter path                 |
| parameter path                 |
| parameter tags                 |
| parameter tags                 |
| parameter tags                 |
| parameter tags                 |
| parameter tags                 |
| parameter tags                 |
| parameter tags                 |
| parameter tags                 |
| parameter tags                 |
| parameter title                |
| parameter title                |
| parameter type set[str] | None |
| parameter type set[str] | None |
| parameter type set[str] | None |
| parameter type set[str] | None |
| parameter type set[str] | None |
| parameter type set[str] | None |
| parameter type set[str] | None |
| parameter type set[str] | None |
| parameter type set[str] | None |
| parameter type str             |
| parameter type str             |
| parameter type str             |
| parameter type str             |
| parameter type str | None      |
| parameter type str | None      |
| parameter type str | None      |
| parameter type str | None      |
| parameter type str | None      |
| parameter type str | None      |
| parameter type str | None      |
| parameter type str | None      |
| parameter type str | None      |
| pkg.Catalog.add_prompt         |
| pkg.Catalog.add_prompt         |
| pkg.Catalog.add_resource       |
| pkg.Catalog.add_resource       |
| pkg.Catalog.add_tool           |
| pkg.Catalog.add_tool           |
| pkg.Catalog.add_tool           |
| pkg.Catalog.load               |
| pkg.Catalog.load               |
| pkg.Catalog.load               |
| pkg.Catalog.reload             |
| pkg.Catalog.reload             |
| pkg.Catalog.reload             |
| pkg.Catalog.remove             |
| pkg.Server.route               |
| pkg.Server.tool                |
| pkg.configure                  |
| pkg.controls.configure         |
| pkg.describe                   |
| pkg.helper                     |
| pkg.helpers.describe           |
| pkg.helpers.helper             |
| pkg.registry.Catalog.add_tool  |
| pkg.server.Server.route        |
| pkg.server.Server.tool         |
| raises KeyError                |
| raises KeyError                |
| raises KeyError                |
| raises KeyError                |
| rebound                        |
| returns None                   |
| returns None                   |
| returns None                   |
| returns None                   |
| returns None                   |
| returns None                   |
| returns None                   |
| returns None                   |
| returns None                   |
| size                           |
| size                           |
| size                           |
| size                           |
| size                           |
| size                           |
| size                           |
| size                           |
| size                           |
| text                           |
| unmapped                       |
| unmapped                       |
| unmapped                       |
+--------------------------------+
