---
source: crates/cpg-core/tests/analysis.rs
expression: "text(&ctx,\n\"SELECT b.title, ba.ordinal, a.assertion_kind AS kind, a.evidence_status AS status, \\\n                    a.text \\\n             FROM briefs b JOIN brief_assertions ba ON ba.brief_id = b.brief_id \\\n             JOIN assertions a ON a.assertion_id = ba.assertion_id \\\n             ORDER BY b.title, ba.ordinal\").await"
---
+----------------------+---------+------+--------+--------------------------------------------------------------------------------------------------------------------------------------------------------------------------------------------------------------------------------------------------------------------------------------------------------------------------------------------------------------------------------------------------------------------------------------------------------------------------------------------------------------------------------------------------------------------------------------------------------------------------+
| title                | ordinal | kind | status | text                                                                                                                                                                                                                                                                                                                                                                                                                                                                                                                                                                                                                     |
+----------------------+---------+------+--------+--------------------------------------------------------------------------------------------------------------------------------------------------------------------------------------------------------------------------------------------------------------------------------------------------------------------------------------------------------------------------------------------------------------------------------------------------------------------------------------------------------------------------------------------------------------------------------------------------------------------------+
| pkg.Catalog.add_tool | 0       | 0    | 1      | Register a tool.                                                                                                                                                                                                                                                                                                                                                                                                                                                                                                                                                                                                         |
| pkg.Catalog.add_tool | 1       | 1    | 0      | A method of `pkg.Catalog`: call `add_tool` on an instance. It is named `pkg.Catalog.add_tool`, and also `pkg.registry.Catalog.add_tool`.                                                                                                                                                                                                                                                                                                                                                                                                                                                                                 |
| pkg.Catalog.add_tool | 2       | 3    | 0      | `fn`: positional or keyword; required.                                                                                                                                                                                                                                                                                                                                                                                                                                                                                                                                                                                   |
| pkg.Catalog.add_tool | 3       | 3    | 0      | `name`: keyword only; default `None`; optional; annotated `str | None`.                                                                                                                                                                                                                                                                                                                                                                                                                                                                                                                                                  |
| pkg.Catalog.add_tool | 4       | 3    | 0      | `tags`: keyword only; default `None`; optional; annotated `set[str] | None`.                                                                                                                                                                                                                                                                                                                                                                                                                                                                                                                                             |
| pkg.Catalog.add_tool | 5       | 3    | 0      | `title`: keyword only; default `None`; optional; annotated `str | None`.                                                                                                                                                                                                                                                                                                                                                                                                                                                                                                                                                 |
| pkg.Catalog.add_tool | 6       | 13   | 0      | Among the public APIs of `pkg.Catalog`, every one that declares the parameter `name` also declares the parameters `fn` and `tags`, a parameter typed `set[str] | None`, a parameter typed `str | None` and the return type `None` (3 APIs).                                                                                                                                                                                                                                                                                                                                                                              |
| pkg.Catalog.add_tool | 7       | 13   | 0      | Among the public APIs of `pkg.Catalog`, every one that declares the return type `None` also declares the parameters `fn`, `name` and `tags`, a parameter typed `set[str] | None` and a parameter typed `str | None` (3 APIs).                                                                                                                                                                                                                                                                                                                                                                                            |
| pkg.Catalog.add_tool | 8       | 13   | 0      | Among the public APIs of `pkg.Catalog`, every one that declares the parameter `tags` also declares the parameters `fn` and `name`, a parameter typed `set[str] | None`, a parameter typed `str | None` and the return type `None` (3 APIs).                                                                                                                                                                                                                                                                                                                                                                              |
| pkg.Catalog.add_tool | 9       | 15   | 0      | Like `pkg.Catalog.add_prompt` and `pkg.Catalog.add_resource` (3 public APIs of `pkg.Catalog` in all), `pkg.Catalog.add_tool` declares the parameters `fn`, `name` and `tags`, a parameter typed `set[str] | None`, a parameter typed `str | None` and the return type `None`.                                                                                                                                                                                                                                                                                                                                            |
| pkg.Server.route     | 0       | 0    | 1      | Register a handler at `path`.                                                                                                                                                                                                                                                                                                                                                                                                                                                                                                                                                                                            |
| pkg.Server.route     | 1       | 1    | 0      | A method of `pkg.Server`: call `route` on an instance. It is named `pkg.Server.route`, and also `pkg.server.Server.route`.                                                                                                                                                                                                                                                                                                                                                                                                                                                                                               |
| pkg.Server.route     | 2       | 2    | 0      | `pkg.Server.route` already reaches `pkg.helpers.helper` through `pkg.server.Server.route.decorator` (`pkg.Server.route` defines `pkg.server.Server.route.decorator`).                                                                                                                                                                                                                                                                                                                                                                                                                                                    |
| pkg.Server.route     | 3       | 2    | 0      | `pkg.Server.route` defines the nested callable `pkg.server.Server.route.decorator`.                                                                                                                                                                                                                                                                                                                                                                                                                                                                                                                                      |
| pkg.Server.route     | 4       | 3    | 0      | `path`: positional or keyword; required.                                                                                                                                                                                                                                                                                                                                                                                                                                                                                                                                                                                 |
| pkg.Server.route     | 5       | 4    | 0      | What lies more than 2 steps below `pkg.Server.route` (calls or nested definitions) was not followed (the analysis's depth bound).                                                                                                                                                                                                                                                                                                                                                                                                                                                                                        |
| pkg.Server.route     | 6       | 5    | 2      | Related operations, from its community of 9 public APIs (co-assignment 1.00 across Leiden seeds), by name (official usage calls none of them): `pkg.Server.label`, `pkg.Server.tool`, `pkg.handlers.Handler.handle`, `pkg.handlers.run` and `pkg.helper`.                                                                                                                                                                                                                                                                                                                                                                |
| pkg.Server.tool      | 0       | 0    | 1      | Register `fn` as a tool.                                                                                                                                                                                                                                                                                                                                                                                                                                                                                                                                                                                                 |
| pkg.Server.tool      | 1       | 1    | 0      | A method of `pkg.Server`: call `tool` on an instance. It is named `pkg.Server.tool`, and also `pkg.server.Server.tool`.                                                                                                                                                                                                                                                                                                                                                                                                                                                                                                  |
| pkg.Server.tool      | 2       | 2    | 0      | `pkg.Server.tool` already reaches `pkg.handlers.Handler.handle` through `pkg.handlers.run` (`pkg.handlers.run`'s call to `pkg.handlers.Handler.handle` is overridable).                                                                                                                                                                                                                                                                                                                                                                                                                                                  |
| pkg.Server.tool      | 3       | 2    | 0      | `pkg.Server.tool` already calls `pkg.handlers.run` (1 call site).                                                                                                                                                                                                                                                                                                                                                                                                                                                                                                                                                        |
| pkg.Server.tool      | 4       | 2    | 0      | `pkg.Server.tool` already reaches `pkg.helpers.deep_one` through `pkg.server.Server.dispatch` (`pkg.Server.tool`'s call to `pkg.server.Server.dispatch` is overridable).                                                                                                                                                                                                                                                                                                                                                                                                                                                 |
| pkg.Server.tool      | 5       | 2    | 0      | `pkg.Server.tool` already reaches `pkg.helpers.finish` through `pkg.helpers.helper`.                                                                                                                                                                                                                                                                                                                                                                                                                                                                                                                                     |
| pkg.Server.tool      | 6       | 2    | 0      | `pkg.Server.tool` already calls `pkg.helpers.helper` (2 call sites).                                                                                                                                                                                                                                                                                                                                                                                                                                                                                                                                                     |
| pkg.Server.tool      | 7       | 2    | 0      | `pkg.Server.tool` already calls `pkg.helpers.prepare` (1 call site).                                                                                                                                                                                                                                                                                                                                                                                                                                                                                                                                                     |
| pkg.Server.tool      | 8       | 2    | 0      | `pkg.Server.tool` already calls `pkg.server.Server.dispatch` through an overridable method, so a subclass may replace it.                                                                                                                                                                                                                                                                                                                                                                                                                                                                                                |
| pkg.Server.tool      | 9       | 2    | 0      | `pkg.Server.tool` already reads the property `pkg.server.Server.label` through an overridable attribute, so a subclass may replace it.                                                                                                                                                                                                                                                                                                                                                                                                                                                                                   |
| pkg.Server.tool      | 10      | 3    | 0      | `fn`: positional or keyword; required.                                                                                                                                                                                                                                                                                                                                                                                                                                                                                                                                                                                   |
| pkg.Server.tool      | 11      | 6    | 0      | `fn` is passed on to `pkg.helpers.helper` as `fn`; `pkg.helpers.prepare` as `fn`; `pkg.helpers.finish` as `fn` through `pkg.helpers.prepare`.                                                                                                                                                                                                                                                                                                                                                                                                                                                                            |
| pkg.Server.tool      | 12      | 7    | 0      | `pkg.Server.tool` calls `pkg.helpers.helper` with `n` fixed to `2`.                                                                                                                                                                                                                                                                                                                                                                                                                                                                                                                                                      |
| pkg.Server.tool      | 13      | 8    | 0      | `pkg.helpers.prepare` raises (`raise TypeError`) when `isinstance(fn, str)`; its `fn` receives `fn`.                                                                                                                                                                                                                                                                                                                                                                                                                                                                                                                     |
| pkg.Server.tool      | 14      | 4    | 0      | `pkg.Server.tool` calls release code outside the analyzed subsystem, which is not analyzed further: `pkg.other.outside`.                                                                                                                                                                                                                                                                                                                                                                                                                                                                                                 |
| pkg.Server.tool      | 15      | 4    | 0      | `pkg.Server.tool` calls into code outside the analyzed release, which is not analyzed further: `builtins.getattr`, `builtins.object.__init__`, `builtins.object.__new__`, `extdep.external`.                                                                                                                                                                                                                                                                                                                                                                                                                             |
| pkg.Server.tool      | 16      | 4    | 0      | Callables `pkg.Server.tool` reaches call into code outside the analyzed release, which is not analyzed further: `builtins.BaseException.__init__`, `builtins.BaseException.__new__`, `builtins.isinstance`.                                                                                                                                                                                                                                                                                                                                                                                                              |
| pkg.Server.tool      | 17      | 4    | 0      | `pkg.Server.tool` calls callables with no body in source (synthesized), which are not analyzed further: `pkg.server.Config.__init__`.                                                                                                                                                                                                                                                                                                                                                                                                                                                                                    |
| pkg.Server.tool      | 18      | 4    | 0      | 1 call site reached from `pkg.Server.tool` has no resolved target.                                                                                                                                                                                                                                                                                                                                                                                                                                                                                                                                                       |
| pkg.Server.tool      | 19      | 4    | 0      | What lies more than 2 steps below `pkg.Server.tool` (calls or nested definitions) was not followed (the analysis's depth bound).                                                                                                                                                                                                                                                                                                                                                                                                                                                                                         |
| pkg.Server.tool      | 20      | 5    | 2      | Related operations, from its community of 9 public APIs (co-assignment 1.00 across Leiden seeds), by name (official usage calls none of them): `pkg.Server.label`, `pkg.Server.route`, `pkg.handlers.Handler.handle`, `pkg.handlers.run` and `pkg.helper`.                                                                                                                                                                                                                                                                                                                                                               |
| pkg.configure        | 0       | 0    | 1      | Configure a component.                                                                                                                                                                                                                                                                                                                                                                                                                                                                                                                                                                                                   |
| pkg.configure        | 1       | 1    | 0      | Call it as `pkg.configure`; the same object is also reachable as `pkg.controls.configure`.                                                                                                                                                                                                                                                                                                                                                                                                                                                                                                                               |
| pkg.configure        | 2       | 2    | 0      | `pkg.configure` already calls `pkg.controls.Registry.__init__` (1 call site).                                                                                                                                                                                                                                                                                                                                                                                                                                                                                                                                            |
| pkg.configure        | 3       | 2    | 0      | `pkg.configure` already calls `pkg.controls.Registry.add` through an overridable method, so a subclass may replace it.                                                                                                                                                                                                                                                                                                                                                                                                                                                                                                   |
| pkg.configure        | 4       | 2    | 0      | `pkg.configure` already calls `pkg.controls.Registry.create` (1 call site).                                                                                                                                                                                                                                                                                                                                                                                                                                                                                                                                              |
| pkg.configure        | 5       | 2    | 0      | `pkg.configure` already calls `pkg.controls.Widget.__init__` (1 call site).                                                                                                                                                                                                                                                                                                                                                                                                                                                                                                                                              |
| pkg.configure        | 6       | 2    | 0      | `pkg.configure` already calls `pkg.controls.annotate` (2 call sites).                                                                                                                                                                                                                                                                                                                                                                                                                                                                                                                                                    |
| pkg.configure        | 7       | 2    | 0      | `pkg.configure` already calls `pkg.controls.build` (1 call site).                                                                                                                                                                                                                                                                                                                                                                                                                                                                                                                                                        |
| pkg.configure        | 8       | 2    | 0      | `pkg.configure` already calls `pkg.controls.checked` (1 call site).                                                                                                                                                                                                                                                                                                                                                                                                                                                                                                                                                      |
| pkg.configure        | 9       | 2    | 0      | `pkg.configure` already calls `pkg.controls.configure.audit` (1 call site).                                                                                                                                                                                                                                                                                                                                                                                                                                                                                                                                              |
| pkg.configure        | 10      | 2    | 0      | `pkg.configure` already reaches `pkg.controls.finish` through `pkg.controls.build`.                                                                                                                                                                                                                                                                                                                                                                                                                                                                                                                                      |
| pkg.configure        | 11      | 2    | 0      | `pkg.configure` already calls `pkg.controls.muted` (1 call site).                                                                                                                                                                                                                                                                                                                                                                                                                                                                                                                                                        |
| pkg.configure        | 12      | 2    | 0      | `pkg.configure` already calls `pkg.controls.passthrough` (1 call site).                                                                                                                                                                                                                                                                                                                                                                                                                                                                                                                                                  |
| pkg.configure        | 13      | 2    | 0      | `pkg.configure` already calls `pkg.controls.probe_attr` (1 call site).                                                                                                                                                                                                                                                                                                                                                                                                                                                                                                                                                   |
| pkg.configure        | 14      | 2    | 0      | `pkg.configure` already calls `pkg.controls.rebinding` (1 call site).                                                                                                                                                                                                                                                                                                                                                                                                                                                                                                                                                    |
| pkg.configure        | 15      | 2    | 0      | `pkg.configure` already calls `pkg.controls.slow` (1 call site).                                                                                                                                                                                                                                                                                                                                                                                                                                                                                                                                                         |
| pkg.configure        | 16      | 2    | 0      | `pkg.configure` already calls `pkg.controls.strict` (1 call site).                                                                                                                                                                                                                                                                                                                                                                                                                                                                                                                                                       |
| pkg.configure        | 17      | 2    | 0      | `pkg.configure` already calls `pkg.controls.swap` (3 call sites).                                                                                                                                                                                                                                                                                                                                                                                                                                                                                                                                                        |
| pkg.configure        | 18      | 2    | 0      | `pkg.configure` already calls `pkg.controls.validate` (1 call site).                                                                                                                                                                                                                                                                                                                                                                                                                                                                                                                                                     |
| pkg.configure        | 19      | 3    | 1      | `name` (positional or keyword; required): The component's name; it must not be empty.                                                                                                                                                                                                                                                                                                                                                                                                                                                                                                                                    |
| pkg.configure        | 20      | 3    | 1      | `size` (positional or keyword; default `10`; optional): How many slots to reserve.                                                                                                                                                                                                                                                                                                                                                                                                                                                                                                                                       |
| pkg.configure        | 21      | 3    | 0      | `extra`: var positional; requiredness not observed.                                                                                                                                                                                                                                                                                                                                                                                                                                                                                                                                                                      |
| pkg.configure        | 22      | 3    | 1      | `mode` (keyword only; default `"fast"`; optional): The speed mode.                                                                                                                                                                                                                                                                                                                                                                                                                                                                                                                                                       |
| pkg.configure        | 23      | 3    | 1      | `note` (keyword only; default `None`; optional): A note to annotate with.                                                                                                                                                                                                                                                                                                                                                                                                                                                                                                                                                |
| pkg.configure        | 24      | 3    | 0      | `options`: var keyword; requiredness not observed.                                                                                                                                                                                                                                                                                                                                                                                                                                                                                                                                                                       |
| pkg.configure        | 25      | 6    | 0      | `name` is passed on to `pkg.controls.Registry.add` as `item` (`pkg.configure`'s call to `pkg.controls.Registry.add` is overridable); `pkg.controls.Widget.__init__` as `label`; `pkg.controls.build` as `label`; `pkg.controls.probe_attr` as `obj`; `pkg.controls.rebinding` as `label`; `pkg.controls.slow` as `label` (`pkg.configure` calls `pkg.controls.slow` only on some paths); `pkg.controls.strict` as `value` (`pkg.configure` calls `pkg.controls.strict` only on some paths); `pkg.controls.swap` as `left`; `pkg.controls.swap` as `right`; `pkg.controls.finish` as `text` through `pkg.controls.build`. |
| pkg.configure        | 26      | 6    | 0      | `size` is passed on to `pkg.controls.Registry.create` as `capacity`; `pkg.controls.build` as `count`; `pkg.controls.checked` as `count`; `pkg.controls.muted` as `count`; `pkg.controls.swap` as `left`; `pkg.controls.swap` as `right`; `pkg.controls.finish` as `count` through `pkg.controls.build`.                                                                                                                                                                                                                                                                                                                  |
| pkg.configure        | 27      | 6    | 0      | `mode` is passed on to `pkg.controls.Registry.add` as `tag` (`pkg.configure`'s call to `pkg.controls.Registry.add` is overridable); `pkg.controls.validate` as `mode`.                                                                                                                                                                                                                                                                                                                                                                                                                                                   |
| pkg.configure        | 28      | 7    | 0      | `pkg.configure` calls `pkg.controls.build` with `flag` fixed to `True`.                                                                                                                                                                                                                                                                                                                                                                                                                                                                                                                                                  |
| pkg.configure        | 29      | 8    | 0      | `pkg.controls.slow` raises (`raise ValueError`) when `len(label) > 64`; its `label` receives `name` (`pkg.configure` calls `pkg.controls.slow` only on some paths).                                                                                                                                                                                                                                                                                                                                                                                                                                                      |
| pkg.configure        | 30      | 8    | 0      | `pkg.controls.build` raises (`raise ValueError`) when `not label`; its `label` receives `name`.                                                                                                                                                                                                                                                                                                                                                                                                                                                                                                                          |
| pkg.configure        | 31      | 8    | 0      | `pkg.controls.finish` raises (`raise ValueError`) when `len(text) > count`; its `count` receives `size`.                                                                                                                                                                                                                                                                                                                                                                                                                                                                                                                 |
| pkg.configure        | 32      | 8    | 0      | `pkg.controls.finish` raises (`raise ValueError`) when `len(text) > count`; its `text` receives `name`.                                                                                                                                                                                                                                                                                                                                                                                                                                                                                                                  |
| pkg.configure        | 33      | 8    | 0      | `pkg.controls.validate` raises (`raise ValueError`) when `mode not in ("fast", "slow")`; its `mode` receives `mode`.                                                                                                                                                                                                                                                                                                                                                                                                                                                                                                     |
| pkg.configure        | 34      | 8    | 0      | `pkg.controls.Registry.create` raises (`raise ValueError`) when `capacity > 100`; its `capacity` receives `size`.                                                                                                                                                                                                                                                                                                                                                                                                                                                                                                        |
| pkg.configure        | 35      | 8    | 0      | `pkg.controls.Registry.add` raises (`raise TypeError`) when `item is None`; its `item` receives `name` (`pkg.configure`'s call to `pkg.controls.Registry.add` is overridable).                                                                                                                                                                                                                                                                                                                                                                                                                                           |
| pkg.configure        | 36      | 8    | 0      | `pkg.controls.Widget.__init__` raises (`raise TypeError`) when `label is None`; its `label` receives `name`.                                                                                                                                                                                                                                                                                                                                                                                                                                                                                                             |
| pkg.configure        | 37      | 11   | 0      | `name` also reaches `pkg.controls.annotate` (inside an expression); `pkg.controls.swap` (unpacked, or where no single parameter takes it); the analysis does not follow it there.                                                                                                                                                                                                                                                                                                                                                                                                                                        |
| pkg.configure        | 38      | 11   | 0      | `extra` also reaches `pkg.controls.swap` (unpacked, or where no single parameter takes it); the analysis does not follow it there.                                                                                                                                                                                                                                                                                                                                                                                                                                                                                       |
| pkg.configure        | 39      | 11   | 0      | `note` also reaches `pkg.controls.annotate` (after it is rebound); the analysis does not follow it there.                                                                                                                                                                                                                                                                                                                                                                                                                                                                                                                |
| pkg.configure        | 40      | 11   | 0      | `options` also reaches `pkg.controls.passthrough` (unpacked, or where no single parameter takes it); the analysis does not follow it there.                                                                                                                                                                                                                                                                                                                                                                                                                                                                              |
| pkg.configure        | 41      | 4    | 0      | `pkg.configure` calls into code outside the analyzed release, which is not analyzed further: `builtins.object.__new__`, `contextlib.suppress.__init__`.                                                                                                                                                                                                                                                                                                                                                                                                                                                                  |
| pkg.configure        | 42      | 4    | 0      | Callables `pkg.configure` reaches call into code outside the analyzed release, which is not analyzed further: `builtins.BaseException.__init__`, `builtins.BaseException.__new__`, `builtins.len`.                                                                                                                                                                                                                                                                                                                                                                                                                       |
| pkg.configure        | 43      | 4    | 0      | Callables `pkg.configure` reaches may call into code outside the analyzed release, which is not analyzed further: `builtins.list.append`.                                                                                                                                                                                                                                                                                                                                                                                                                                                                                |
| pkg.configure        | 44      | 4    | 0      | 2 call sites reached from `pkg.configure` have no resolved target.                                                                                                                                                                                                                                                                                                                                                                                                                                                                                                                                                       |
| pkg.configure        | 45      | 4    | 0      | What lies more than 2 steps below `pkg.configure` (calls or nested definitions) was not followed (the analysis's depth bound).                                                                                                                                                                                                                                                                                                                                                                                                                                                                                           |
| pkg.describe         | 0       | 0    | 1      | Describe the package in one line.                                                                                                                                                                                                                                                                                                                                                                                                                                                                                                                                                                                        |
| pkg.describe         | 1       | 1    | 0      | Call it as `pkg.describe`; the same object is also reachable as `pkg.helpers.describe`.                                                                                                                                                                                                                                                                                                                                                                                                                                                                                                                                  |
| pkg.helper           | 0       | 0    | 1      | Run `fn` through the finishing step — once.                                                                                                                                                                                                                                                                                                                                                                                                                                                                                                                                                                              |
| pkg.helper           | 1       | 1    | 0      | Call it as `pkg.helper`; the same object is also reachable as `pkg.helpers.helper`.                                                                                                                                                                                                                                                                                                                                                                                                                                                                                                                                      |
| pkg.helper           | 2       | 2    | 0      | `pkg.helper` already calls `pkg.helpers.finish` (1 call site).                                                                                                                                                                                                                                                                                                                                                                                                                                                                                                                                                           |
| pkg.helper           | 3       | 3    | 0      | `fn`: positional or keyword; required.                                                                                                                                                                                                                                                                                                                                                                                                                                                                                                                                                                                   |
| pkg.helper           | 4       | 3    | 0      | `n`: positional or keyword; default `1`; optional.                                                                                                                                                                                                                                                                                                                                                                                                                                                                                                                                                                       |
| pkg.helper           | 5       | 6    | 0      | `fn` is passed on to `pkg.helpers.finish` as `fn`.                                                                                                                                                                                                                                                                                                                                                                                                                                                                                                                                                                       |
| pkg.helper           | 6       | 5    | 2      | Related operations, from its community of 9 public APIs (co-assignment 1.00 across Leiden seeds), by name (official usage calls none of them): `pkg.Server.label`, `pkg.Server.route`, `pkg.Server.tool`, `pkg.handlers.Handler.handle` and `pkg.handlers.run`.                                                                                                                                                                                                                                                                                                                                                          |
+----------------------+---------+------+--------+--------------------------------------------------------------------------------------------------------------------------------------------------------------------------------------------------------------------------------------------------------------------------------------------------------------------------------------------------------------------------------------------------------------------------------------------------------------------------------------------------------------------------------------------------------------------------------------------------------------------------+
