---
source: crates/cpg-core/tests/analysis.rs
expression: stated
---
+---------------------------------+----------------+-----------------------------------------------------------------------------------------------------------------------------------------------------------------------------------------------------------------------------------------------------------------------------------------------------------------------------------+
| title                           | assertion_kind | text                                                                                                                                                                                                                                                                                                                              |
+---------------------------------+----------------+-----------------------------------------------------------------------------------------------------------------------------------------------------------------------------------------------------------------------------------------------------------------------------------------------------------------------------------+
| pkg.Catalog.add_tool            | 13             | Among the public APIs of `pkg.Catalog`, every one that declares the parameter `name` also declares the parameters `fn` and `tags`, a parameter typed `set[str] | None`, a parameter typed `str | None` and the return type `None` (3 APIs).                                                                                       |
| pkg.Catalog.add_tool            | 13             | Among the public APIs of `pkg.Catalog`, every one that declares the return type `None` also declares the parameters `fn`, `name` and `tags`, a parameter typed `set[str] | None` and a parameter typed `str | None` (3 APIs).                                                                                                     |
| pkg.Catalog.add_tool            | 13             | Among the public APIs of `pkg.Catalog`, every one that declares the parameter `tags` also declares the parameters `fn` and `name`, a parameter typed `set[str] | None`, a parameter typed `str | None` and the return type `None` (3 APIs).                                                                                       |
| pkg.Catalog.add_tool            | 15             | Like `pkg.Catalog.add_prompt` and `pkg.Catalog.add_resource` (3 public APIs of `pkg.Catalog` in all), `pkg.Catalog.add_tool` declares the parameters `fn`, `name` and `tags`, a parameter typed `set[str] | None`, a parameter typed `str | None` and the return type `None`.                                                     |
| pkg.Widgets.add_gadget          | 13             | Among the public APIs of `pkg.Widgets`, every one that declares the parameter `name` also declares the parameters `fn` and `tags`, a parameter typed `set[str] | None`, a parameter typed `str | None` and the return type `None` (5 APIs).                                                                                       |
| pkg.Widgets.add_gadget          | 13             | Among the public APIs of `pkg.Widgets`, every one that declares the return type `None` also declares the parameters `fn`, `name` and `tags`, a parameter typed `set[str] | None` and a parameter typed `str | None` (5 APIs).                                                                                                     |
| pkg.Widgets.add_gadget          | 13             | Among the public APIs of `pkg.Widgets`, every one that declares the parameter `fn` also declares the parameters `name` and `tags`, a parameter typed `set[str] | None`, a parameter typed `str | None` and the return type `None` (5 APIs).                                                                                       |
| pkg.Widgets.add_gadget          | 15             | Like `pkg.Widgets.add_prompt`, `pkg.Widgets.add_widget`, `pkg.Widgets.add_resource` and `pkg.Widgets.add_tool` (5 public APIs of `pkg.Widgets` in all), `pkg.Widgets.add_gadget` declares the parameters `fn`, `name` and `tags`, a parameter typed `set[str] | None`, a parameter typed `str | None` and the return type `None`. |
| pkg.registry.Catalog.add_prompt | 13             | Among the public APIs of `pkg.Catalog`, every one that declares the parameter `name` also declares the parameters `fn` and `tags`, a parameter typed `set[str] | None`, a parameter typed `str | None` and the return type `None` (3 APIs).                                                                                       |
| pkg.registry.Catalog.add_prompt | 13             | Among the public APIs of `pkg.Catalog`, every one that declares the return type `None` also declares the parameters `fn`, `name` and `tags`, a parameter typed `set[str] | None` and a parameter typed `str | None` (3 APIs).                                                                                                     |
| pkg.registry.Catalog.add_prompt | 13             | Among the public APIs of `pkg.Catalog`, every one that declares the parameter `tags` also declares the parameters `fn` and `name`, a parameter typed `set[str] | None`, a parameter typed `str | None` and the return type `None` (3 APIs).                                                                                       |
| pkg.registry.Catalog.add_prompt | 15             | Like `pkg.Catalog.add_resource` and `pkg.Catalog.add_tool` (3 public APIs of `pkg.Catalog` in all), `pkg.registry.Catalog.add_prompt` declares the parameters `fn`, `name` and `tags`, a parameter typed `set[str] | None`, a parameter typed `str | None` and the return type `None`.                                            |
+---------------------------------+----------------+-----------------------------------------------------------------------------------------------------------------------------------------------------------------------------------------------------------------------------------------------------------------------------------------------------------------------------------+
