---
source: crates/cpg-core/tests/analysis.rs
expression: "text(&ctx,\n\"SELECT b.title, a.assertion_kind, a.evidence_status, a.text FROM briefs b \\\n             JOIN brief_assertions ba ON ba.brief_id = b.brief_id \\\n             JOIN assertions a ON a.assertion_id = ba.assertion_id \\\n             WHERE a.assertion_kind IN (12, 13) ORDER BY b.title, ba.ordinal\",).await"
---
+----------------------+----------------+-----------------+---------------------------------------------------------------------------------------------------------------------------------------------------------------------------------------------------------------------------------------------------------------------------+
| title                | assertion_kind | evidence_status | text                                                                                                                                                                                                                                                                      |
+----------------------+----------------+-----------------+---------------------------------------------------------------------------------------------------------------------------------------------------------------------------------------------------------------------------------------------------------------------------+
| pkg.Catalog.add_tool | 13             | 0               | Among the public APIs of `pkg.Catalog`, every one that declares return type `None` also declares parameter `name`, declares a parameter typed `str | None`, declares parameter `fn`, declares a parameter typed `set[str] | None` and declares parameter `tags` (3 APIs). |
| pkg.Catalog.add_tool | 13             | 0               | Among the public APIs of `pkg.Catalog`, every one that declares parameter `tags` also declares parameter `name`, declares a parameter typed `str | None`, declares parameter `fn`, declares a parameter typed `set[str] | None` and declares return type `None` (3 APIs). |
| pkg.Catalog.add_tool | 13             | 0               | Among the public APIs of `pkg.Catalog`, every one that declares parameter `fn` also declares parameter `name`, declares a parameter typed `str | None`, declares a parameter typed `set[str] | None`, declares parameter `tags` and declares return type `None` (3 APIs). |
+----------------------+----------------+-----------------+---------------------------------------------------------------------------------------------------------------------------------------------------------------------------------------------------------------------------------------------------------------------------+
