---
source: crates/cpg-core/tests/analysis.rs
expression: rows
---
+------+--------+---------------------------+--------+-------+-------+---------+
| kind | source | callee                    | formal | value | depth | aliases |
+------+--------+---------------------------+--------+-------+-------+---------+
| 6    | mode   | pkg.controls.Registry.add | tag    |       | 1     | 0       |
| 6    | mode   | pkg.controls.validate     | mode   |       | 1     | 0       |
| 6    | name   | pkg.controls.Registry.add | item   |       | 1     | 0       |
| 6    | name   | pkg.controls.build        | label  |       | 1     | 1       |
| 6    | name   | pkg.controls.rebinding    | label  |       | 1     | 0       |
| 6    | name   | pkg.controls.swap         | left   |       | 1     | 0       |
| 6    | name   | pkg.controls.swap         | right  |       | 1     | 0       |
| 6    | size   | pkg.controls.build        | count  |       | 1     | 0       |
| 6    | size   | pkg.controls.checked      | count  |       | 1     | 0       |
| 6    | size   | pkg.controls.swap         | left   |       | 1     | 0       |
| 6    | size   | pkg.controls.swap         | right  |       | 1     | 0       |
| 7    |        | pkg.controls.build        | flag   | True  | 1     | 0       |
| 8    | mode   | pkg.controls.validate     | mode   |       | 1     | 0       |
| 8    | name   | pkg.controls.Registry.add | item   |       | 1     | 0       |
| 8    | name   | pkg.controls.build        | label  |       | 1     | 0       |
+------+--------+---------------------------+--------+-------+-------+---------+
