---
source: crates/cpg-core/tests/analysis.rs
expression: "text(&ctx,\n\"SELECT b.title, a.assertion_kind, a.evidence_status, a.text FROM briefs b \\\n             JOIN brief_assertions ba ON ba.brief_id = b.brief_id \\\n             JOIN assertions a ON a.assertion_id = ba.assertion_id \\\n             WHERE a.assertion_kind IN (12, 13) ORDER BY b.title, ba.ordinal\",).await"
---
+----------------------+----------------+-----------------+---------------------------------------------------------------------------------------------------------------------------------------------------------------------------------------------------------------------------------------------+
| title                | assertion_kind | evidence_status | text                                                                                                                                                                                                                                        |
+----------------------+----------------+-----------------+---------------------------------------------------------------------------------------------------------------------------------------------------------------------------------------------------------------------------------------------+
| pkg.Catalog.add_tool | 13             | 0               | Among the public APIs of `pkg.Catalog`, every one that declares the parameter `name` also declares the parameters `fn` and `tags`, a parameter typed `set[str] | None`, a parameter typed `str | None` and the return type `None` (3 APIs). |
| pkg.Catalog.add_tool | 13             | 0               | Among the public APIs of `pkg.Catalog`, every one that declares the return type `None` also declares the parameters `fn`, `name` and `tags`, a parameter typed `set[str] | None` and a parameter typed `str | None` (3 APIs).               |
| pkg.Catalog.add_tool | 13             | 0               | Among the public APIs of `pkg.Catalog`, every one that declares the parameter `tags` also declares the parameters `fn` and `name`, a parameter typed `set[str] | None`, a parameter typed `str | None` and the return type `None` (3 APIs). |
+----------------------+----------------+-----------------+---------------------------------------------------------------------------------------------------------------------------------------------------------------------------------------------------------------------------------------------+
