---
source: crates/cpg-core/tests/analysis.rs
expression: "text(&ctx,\n\"SELECT b.title, d.chunk, d.text FROM brief_documents d \\\n             JOIN briefs b ON b.brief_id = d.brief_id ORDER BY b.title, d.chunk\").await"
---
+------------------+-------+---------------------------------------------------------------------------------------------------------------------------------------------------------------------------------------------------------------------------------------------------------------------------------------------------------------------------------------------------------------------------------------------------------------------------------------------------------------------------------------------------------------------------------------------------------------------------------------------------------------------------------------------------------------------------------------------------------------------------------------------------------------------------------------------------------------------------------------------------------------------------------------------------------+
| title            | chunk | text                                                                                                                                                                                                                                                                                                                                                                                                                                                                                                                                                                                                                                                                                                                                                                                                                                                                                                    |
+------------------+-------+---------------------------------------------------------------------------------------------------------------------------------------------------------------------------------------------------------------------------------------------------------------------------------------------------------------------------------------------------------------------------------------------------------------------------------------------------------------------------------------------------------------------------------------------------------------------------------------------------------------------------------------------------------------------------------------------------------------------------------------------------------------------------------------------------------------------------------------------------------------------------------------------------------+
| pkg.Server.route | 0     | Outcome: Register a handler at `path`.                                                                                                                                                                                                                                                                                                                                                                                                                                                                                                                                                                                                                                                                                                                                                                                                                                                                  |
|                  |       | Public APIs: pkg.Server.route, pkg.server.Server.route                                                                                                                                                                                                                                                                                                                                                                                                                                                                                                                                                                                                                                                                                                                                                                                                                                                  |
|                  |       | Built-in controls: path                                                                                                                                                                                                                                                                                                                                                                                                                                                                                                                                                                                                                                                                                                                                                                                                                                                                                 |
|                  |       | Conditions and limitations: What lies more than 2 steps below `pkg.Server.route` (calls or nested definitions) was not followed (the analysis's depth bound).                                                                                                                                                                                                                                                                                                                                                                                                                                                                                                                                                                                                                                                                                                                                           |
| pkg.Server.tool  | 0     | Outcome: Register `fn` as a tool.                                                                                                                                                                                                                                                                                                                                                                                                                                                                                                                                                                                                                                                                                                                                                                                                                                                                       |
|                  |       | Public APIs: pkg.Server.tool, pkg.server.Server.tool                                                                                                                                                                                                                                                                                                                                                                                                                                                                                                                                                                                                                                                                                                                                                                                                                                                    |
|                  |       | Built-in controls: fn                                                                                                                                                                                                                                                                                                                                                                                                                                                                                                                                                                                                                                                                                                                                                                                                                                                                                   |
|                  |       | Conditions and limitations: `pkg.Server.tool` calls release code outside the analyzed subsystem, which is not analyzed further: `pkg.other.outside`. `pkg.Server.tool` calls into code outside the analyzed release, which is not analyzed further: `builtins.getattr`, `builtins.object.__init__`, `builtins.object.__new__`, `extdep.external`. Callables `pkg.Server.tool` reaches call into code outside the analyzed release, which is not analyzed further: `builtins.BaseException.__init__`, `builtins.BaseException.__new__`, `builtins.isinstance`. `pkg.Server.tool` calls callables with no body in source (synthesized), which are not analyzed further: `pkg.server.Config.__init__`. 1 call site reached from `pkg.Server.tool` has no resolved target. What lies more than 2 steps below `pkg.Server.tool` (calls or nested definitions) was not followed (the analysis's depth bound). |
| pkg.describe     | 0     | Outcome: Describe the package in one line.                                                                                                                                                                                                                                                                                                                                                                                                                                                                                                                                                                                                                                                                                                                                                                                                                                                              |
|                  |       | Public APIs: pkg.describe, pkg.helpers.describe                                                                                                                                                                                                                                                                                                                                                                                                                                                                                                                                                                                                                                                                                                                                                                                                                                                         |
|                  |       | Built-in controls:                                                                                                                                                                                                                                                                                                                                                                                                                                                                                                                                                                                                                                                                                                                                                                                                                                                                                      |
|                  |       | Conditions and limitations:                                                                                                                                                                                                                                                                                                                                                                                                                                                                                                                                                                                                                                                                                                                                                                                                                                                                             |
| pkg.helper       | 0     | Outcome: Run `fn` through the finishing step — once.                                                                                                                                                                                                                                                                                                                                                                                                                                                                                                                                                                                                                                                                                                                                                                                                                                                    |
|                  |       | Public APIs: pkg.helper, pkg.helpers.helper                                                                                                                                                                                                                                                                                                                                                                                                                                                                                                                                                                                                                                                                                                                                                                                                                                                             |
|                  |       | Built-in controls: fn, n                                                                                                                                                                                                                                                                                                                                                                                                                                                                                                                                                                                                                                                                                                                                                                                                                                                                                |
|                  |       | Conditions and limitations:                                                                                                                                                                                                                                                                                                                                                                                                                                                                                                                                                                                                                                                                                                                                                                                                                                                                             |
+------------------+-------+---------------------------------------------------------------------------------------------------------------------------------------------------------------------------------------------------------------------------------------------------------------------------------------------------------------------------------------------------------------------------------------------------------------------------------------------------------------------------------------------------------------------------------------------------------------------------------------------------------------------------------------------------------------------------------------------------------------------------------------------------------------------------------------------------------------------------------------------------------------------------------------------------------+
