---
source: crates/cpg-core/tests/analysis.rs
expression: "text(&ctx, \"SELECT m.label FROM finding_members m ORDER BY m.label\").await"
---
+------------------------+
| label                  |
+------------------------+
| pkg.Server.tool        |
| pkg.helper             |
| pkg.helpers.helper     |
| pkg.server.Server.tool |
+------------------------+
