---
source: crates/cpg-core/tests/graph.rs
expression: out
---
## nodes
+-----------+-----+
| node_kind | n   |
+-----------+-----+
| 0         | 9   |
| 1         | 4   |
| 2         | 25  |
| 3         | 23  |
| 4         | 20  |
| 5         | 21  |
| 6         | 42  |
| 7         | 5   |
| 8         | 21  |
| 9         | 2   |
| 10        | 172 |
| 11        | 38  |
| 12        | 85  |
| 13        | 50  |
+-----------+-----+
## named edges
+-----------+--------------------------+--------------------------+---------+
| edge_kind | src                      | dst                      | ordinal |
+-----------+--------------------------+--------------------------+---------+
| 0         | shapes.models.Base       | shapes.models.Base.run   |         |
| 0         | shapes.models.Child      | shapes.models.Child.run  |         |
| 0         | shapes/core.py           | shapes.core.Point        |         |
| 0         | shapes/core.py           | shapes.core.apply_all    |         |
| 0         | shapes/core.py           | shapes.core.bottom       |         |
| 0         | shapes/core.py           | shapes.core.callee       |         |
| 0         | shapes/core.py           | shapes.core.compat       |         |
| 0         | shapes/core.py           | shapes.core.compat       |         |
| 0         | shapes/core.py           | shapes.core.dispatch     |         |
| 0         | shapes/core.py           | shapes.core.double       |         |
| 0         | shapes/core.py           | shapes.core.fact         |         |
| 0         | shapes/core.py           | shapes.core.left         |         |
| 0         | shapes/core.py           | shapes.core.lonely       |         |
| 0         | shapes/core.py           | shapes.core.make_point   |         |
| 0         | shapes/core.py           | shapes.core.mode         |         |
| 0         | shapes/core.py           | shapes.core.mode         |         |
| 0         | shapes/core.py           | shapes.core.nested       |         |
| 0         | shapes/core.py           | shapes.core.right        |         |
| 0         | shapes/core.py           | shapes.core.top          |         |
| 0         | shapes/core.py           | shapes.core.twice        |         |
| 0         | shapes/core.py           | shapes.core.unresolved   |         |
| 0         | shapes/models.py         | shapes.models.Base       |         |
| 0         | shapes/models.py         | shapes.models.Child      |         |
| 0         | shapes/models.py         | shapes.models.Plain      |         |
| 0         | shapes/ping.py           | shapes.ping.ping         |         |
| 0         | shapes/pong.py           | shapes.pong.pong         |         |
| 0         | shapes/typed.py          | shapes.typed.overloaded  |         |
| 0         | shapes/typed.pyi         | shapes.typed.overloaded  |         |
| 0         | shapes/typed.pyi         | shapes.typed.overloaded  |         |
| 1         | shapes.typed.overloaded  | shapes.typed.overloaded  |         |
| 2         | shapes.typed.overloaded  | shapes.typed.overloaded  |         |
| 2         | shapes.typed.overloaded  | shapes.typed.overloaded  |         |
| 4         | shapes.Base              | shapes.models.Base       |         |
| 4         | shapes.Child             | shapes.models.Child      |         |
| 4         | shapes.Plain             | shapes.models.Plain      |         |
| 4         | shapes.VERSION           |                          |         |
| 4         | shapes.apply_all         | shapes.core.apply_all    |         |
| 4         | shapes.compat            | shapes.core.compat       |         |
| 4         | shapes.core.Point        | shapes.core.Point        |         |
| 4         | shapes.core.apply_all    | shapes.core.apply_all    |         |
| 4         | shapes.core.bottom       | shapes.core.bottom       |         |
| 4         | shapes.core.callee       | shapes.core.callee       |         |
| 4         | shapes.core.compat       | shapes.core.compat       |         |
| 4         | shapes.core.dispatch     | shapes.core.dispatch     |         |
| 4         | shapes.core.double       | shapes.core.double       |         |
| 4         | shapes.core.fact         | shapes.core.fact         |         |
| 4         | shapes.core.left         | shapes.core.left         |         |
| 4         | shapes.core.lonely       | shapes.core.lonely       |         |
| 4         | shapes.core.make_point   | shapes.core.make_point   |         |
| 4         | shapes.core.mode         | shapes.core.mode         |         |
| 4         | shapes.core.nested       | shapes.core.nested       |         |
| 4         | shapes.core.right        | shapes.core.right        |         |
| 4         | shapes.core.top          | shapes.core.top          |         |
| 4         | shapes.core.twice        | shapes.core.twice        |         |
| 4         | shapes.core.unresolved   | shapes.core.unresolved   |         |
| 4         | shapes.dispatch          | shapes.core.dispatch     |         |
| 4         | shapes.dual.lonely       | shapes.core.lonely       |         |
| 4         | shapes.dual.lonely       | shapes.core.lonely       |         |
| 4         | shapes.fact              | shapes.core.fact         |         |
| 4         | shapes.helper            | depmod:helper            |         |
| 4         | shapes.lonely            | shapes.core.lonely       |         |
| 4         | shapes.make_point        | shapes.core.make_point   |         |
| 4         | shapes.mode              | shapes.core.mode         |         |
| 4         | shapes.models.Base       | shapes.models.Base       |         |
| 4         | shapes.models.Child      | shapes.models.Child      |         |
| 4         | shapes.models.Plain      | shapes.models.Plain      |         |
| 4         | shapes.nested            | shapes.core.nested       |         |
| 4         | shapes.overloaded        | shapes.typed.overloaded  |         |
| 4         | shapes.ping              | shapes.ping.ping         |         |
| 4         | shapes.ping.ping         | shapes.ping.ping         |         |
| 4         | shapes.pong.pong         | shapes.pong.pong         |         |
| 4         | shapes.top               | shapes.core.top          |         |
| 4         | shapes.twice             | shapes.core.twice        |         |
| 4         | shapes.typed.overloaded  | shapes.typed.overloaded  |         |
| 4         | shapes.typed.overloaded  | shapes.typed.overloaded  |         |
| 4         | shapes.unresolved        | shapes.core.unresolved   |         |
| 9         | shapes.models.Base       | depmod:DepBase           | 0       |
| 9         | shapes.models.Child      | shapes.models.Base       | 0       |
| 10        | shapes.models.Base       | depmod:DepBase           | 0       |
| 10        | shapes.models.Child      | depmod:DepBase           | 1       |
| 10        | shapes.models.Child      | shapes.models.Base       | 0       |
| 11        | shapes.models.Base.run   | depmod:DepBase.run       |         |
| 11        | shapes.models.Child.run  | shapes.models.Base.run   |         |
| 11        | synthetic:CF:0:2         | builtins:object.__init__ |         |
| 12        | builtins:getattr         | builtins                 |         |
| 12        | builtins:int             | builtins                 |         |
| 12        | builtins:int.__add__     | builtins                 |         |
| 12        | builtins:int.__le__      | builtins                 |         |
| 12        | builtins:int.__mul__     | builtins                 |         |
| 12        | builtins:list            | builtins                 |         |
| 12        | builtins:list.__init__   | builtins                 |         |
| 12        | builtins:map             | builtins                 |         |
| 12        | builtins:map.__new__     | builtins                 |         |
| 12        | builtins:object.__init__ | builtins                 |         |
| 12        | builtins:object.__new__  | builtins                 |         |
| 12        | builtins:str             | builtins                 |         |
| 12        | builtins:super           | builtins                 |         |
| 12        | builtins:super.__init__  | builtins                 |         |
| 12        | builtins:tuple           | builtins                 |         |
| 12        | builtins:tuple.__ge__    | builtins                 |         |
| 12        | dataclasses:dataclass    | dataclasses              |         |
| 12        | depmod:DepBase           | depmod                   |         |
| 12        | depmod:DepBase.run       | depmod                   |         |
| 12        | depmod:helper            | depmod                   |         |
| 12        | typing:overload          | typing                   |         |
| 13        | shapes.core.Point        |                          | 0       |
| 13        | shapes.core.Point        |                          | 0       |
| 13        | shapes.core.Point        |                          | 1       |
| 13        | shapes.core.apply_all    |                          | 0       |
| 13        | shapes.core.bottom       |                          | 0       |
| 13        | shapes.core.callee       |                          | 0       |
| 13        | shapes.core.compat       |                          | 0       |
| 13        | shapes.core.compat       |                          | 0       |
| 13        | shapes.core.dispatch     |                          | 0       |
| 13        | shapes.core.double       |                          | 0       |
| 13        | shapes.core.fact         |                          | 0       |
| 13        | shapes.core.left         |                          | 0       |
| 13        | shapes.core.lonely       |                          | 0       |
| 13        | shapes.core.lonely       |                          | 1       |
| 13        | shapes.core.make_point   |                          | 0       |
| 13        | shapes.core.mode         |                          | 0       |
| 13        | shapes.core.mode         |                          | 0       |
| 13        | shapes.core.nested       |                          | 0       |
| 13        | shapes.core.right        |                          | 0       |
| 13        | shapes.core.top          |                          | 0       |
| 13        | shapes.core.twice        |                          | 0       |
| 13        | shapes.core.twice        |                          | 1       |
| 13        | shapes.core.unresolved   |                          | 0       |
| 13        | shapes.models.Base       | shapes.models.Base.run   | 0       |
| 13        | shapes.models.Base       |                          | 0       |
| 13        | shapes.models.Base.run   |                          | 0       |
| 13        | shapes.models.Child      | shapes.models.Child.run  | 0       |
| 13        | shapes.models.Child      |                          | 0       |
| 13        | shapes.models.Child.run  |                          | 0       |
| 13        | shapes.models.Plain      |                          | 0       |
| 13        | shapes.ping.ping         |                          | 0       |
| 13        | shapes.ping.ping         |                          | 1       |
| 13        | shapes.pong.pong         |                          | 0       |
| 13        | shapes.pong.pong         |                          | 1       |
| 13        | shapes.typed.overloaded  |                          | 0       |
| 13        | shapes.typed.overloaded  |                          | 0       |
| 13        | shapes.typed.overloaded  |                          | 0       |
| 13        | shapes.typed.overloaded  |                          | 0       |
| 13        | shapes.typed.overloaded  |                          | 0       |
| 13        | shapes/__init__.py       |                          | 0       |
| 13        | shapes/__init__.py       |                          | 1       |
| 13        | shapes/__init__.py       |                          | 2       |
| 13        | shapes/__init__.py       |                          | 3       |
| 13        | shapes/__init__.py       |                          | 4       |
| 13        | shapes/__init__.py       |                          | 5       |
| 13        | shapes/__init__.py       |                          | 6       |
| 13        | shapes/__init__.py       |                          | 7       |
| 13        | shapes/core.py           | shapes.core.Point        | 14      |
| 13        | shapes/core.py           | shapes.core.apply_all    | 17      |
| 13        | shapes/core.py           | shapes.core.bottom       | 10      |
| 13        | shapes/core.py           | shapes.core.callee       | 5       |
| 13        | shapes/core.py           | shapes.core.dispatch     | 12      |
| 13        | shapes/core.py           | shapes.core.double       | 16      |
| 13        | shapes/core.py           | shapes.core.fact         | 7       |
| 13        | shapes/core.py           | shapes.core.left         | 8       |
| 13        | shapes/core.py           | shapes.core.lonely       | 4       |
| 13        | shapes/core.py           | shapes.core.make_point   | 15      |
| 13        | shapes/core.py           | shapes.core.nested       | 18      |
| 13        | shapes/core.py           | shapes.core.right        | 9       |
| 13        | shapes/core.py           | shapes.core.top          | 11      |
| 13        | shapes/core.py           | shapes.core.twice        | 6       |
| 13        | shapes/core.py           | shapes.core.unresolved   | 13      |
| 13        | shapes/core.py           |                          | 0       |
| 13        | shapes/core.py           |                          | 1       |
| 13        | shapes/core.py           |                          | 2       |
| 13        | shapes/core.py           |                          | 3       |
| 13        | shapes/core.py           |                          | 19      |
| 13        | shapes/core.py           |                          | 20      |
| 13        | shapes/dual/__init__.py  |                          | 0       |
| 13        | shapes/dual/__init__.py  |                          | 1       |
| 13        | shapes/dual/__init__.pyi |                          | 0       |
| 13        | shapes/dual/__init__.pyi |                          | 1       |
| 13        | shapes/models.py         | shapes.models.Base       | 2       |
| 13        | shapes/models.py         | shapes.models.Child      | 3       |
| 13        | shapes/models.py         | shapes.models.Plain      | 1       |
| 13        | shapes/models.py         |                          | 0       |
| 13        | shapes/ping.py           | shapes.ping.ping         | 0       |
| 13        | shapes/pong.py           | shapes.pong.pong         | 0       |
| 13        | shapes/typed.py          | shapes.typed.overloaded  | 0       |
| 13        | shapes/typed.pyi         | shapes.typed.overloaded  | 1       |
| 13        | shapes/typed.pyi         | shapes.typed.overloaded  | 2       |
| 13        | shapes/typed.pyi         |                          | 0       |
| 13        |                          | shapes.core.compat       | 0       |
| 13        |                          | shapes.core.compat       | 0       |
| 13        |                          | shapes.core.mode         | 0       |
| 13        |                          | shapes.core.mode         | 0       |
| 13        |                          |                          | 0       |
| 13        |                          |                          | 0       |
| 13        |                          |                          | 0       |
| 13        |                          |                          | 0       |
| 13        |                          |                          | 0       |
| 13        |                          |                          | 0       |
| 13        |                          |                          | 0       |
| 13        |                          |                          | 0       |
| 13        |                          |                          | 0       |
| 13        |                          |                          | 0       |
| 13        |                          |                          | 0       |
| 13        |                          |                          | 0       |
| 13        |                          |                          | 0       |
| 13        |                          |                          | 0       |
| 13        |                          |                          | 0       |
| 13        |                          |                          | 0       |
| 13        |                          |                          | 0       |
| 13        |                          |                          | 0       |
| 13        |                          |                          | 0       |
| 13        |                          |                          | 0       |
| 13        |                          |                          | 0       |
| 13        |                          |                          | 0       |
| 13        |                          |                          | 0       |
| 13        |                          |                          | 0       |
| 13        |                          |                          | 0       |
| 13        |                          |                          | 0       |
| 13        |                          |                          | 0       |
| 13        |                          |                          | 0       |
| 13        |                          |                          | 0       |
| 13        |                          |                          | 0       |
| 13        |                          |                          | 0       |
| 13        |                          |                          | 0       |
| 13        |                          |                          | 0       |
| 13        |                          |                          | 0       |
| 13        |                          |                          | 0       |
| 13        |                          |                          | 0       |
| 13        |                          |                          | 0       |
| 13        |                          |                          | 0       |
| 13        |                          |                          | 0       |
| 13        |                          |                          | 0       |
| 13        |                          |                          | 0       |
| 13        |                          |                          | 0       |
| 13        |                          |                          | 0       |
| 13        |                          |                          | 0       |
| 13        |                          |                          | 0       |
| 13        |                          |                          | 0       |
| 13        |                          |                          | 0       |
| 13        |                          |                          | 0       |
| 13        |                          |                          | 0       |
| 13        |                          |                          | 0       |
| 13        |                          |                          | 0       |
| 13        |                          |                          | 0       |
| 13        |                          |                          | 0       |
| 13        |                          |                          | 0       |
| 13        |                          |                          | 0       |
| 13        |                          |                          | 0       |
| 13        |                          |                          | 0       |
| 13        |                          |                          | 0       |
| 13        |                          |                          | 0       |
| 13        |                          |                          | 1       |
| 13        |                          |                          | 1       |
| 13        |                          |                          | 2       |
| 13        |                          |                          | 3       |
| 13        |                          |                          | 4       |
| 13        |                          |                          | 5       |
| 13        |                          |                          | 6       |
| 13        |                          |                          | 7       |
| 13        |                          |                          | 8       |
| 13        |                          |                          | 9       |
| 13        |                          |                          | 10      |
| 13        |                          |                          | 11      |
| 13        |                          |                          | 12      |
| 13        |                          |                          | 13      |
| 13        |                          |                          | 14      |
| 13        |                          |                          | 15      |
| 13        |                          |                          | 16      |
| 13        |                          |                          | 17      |
| 15        |                          | builtins:int.__add__     |         |
| 15        |                          | builtins:int.__le__      |         |
| 15        |                          | builtins:int.__mul__     |         |
| 15        |                          | builtins:tuple.__ge__    |         |
| 15        |                          | typing:overload          |         |
| 16        | shapes.core.Point        |                          |         |
| 16        | shapes.core.apply_all    |                          |         |
| 16        | shapes.core.bottom       |                          |         |
| 16        | shapes.core.callee       |                          |         |
| 16        | shapes.core.compat       |                          |         |
| 16        | shapes.core.compat       |                          |         |
| 16        | shapes.core.dispatch     |                          |         |
| 16        | shapes.core.double       |                          |         |
| 16        | shapes.core.fact         |                          |         |
| 16        | shapes.core.left         |                          |         |
| 16        | shapes.core.lonely       |                          |         |
| 16        | shapes.core.make_point   |                          |         |
| 16        | shapes.core.mode         |                          |         |
| 16        | shapes.core.mode         |                          |         |
| 16        | shapes.core.nested       |                          |         |
| 16        | shapes.core.right        |                          |         |
| 16        | shapes.core.top          |                          |         |
| 16        | shapes.core.twice        |                          |         |
| 16        | shapes.core.unresolved   |                          |         |
| 16        | shapes.models.Base       |                          |         |
| 16        | shapes.models.Base.run   |                          |         |
| 16        | shapes.models.Child      |                          |         |
| 16        | shapes.models.Child.run  |                          |         |
| 16        | shapes.models.Plain      |                          |         |
| 16        | shapes.ping.ping         |                          |         |
| 16        | shapes.pong.pong         |                          |         |
| 16        | shapes.typed.overloaded  |                          |         |
| 16        | shapes.typed.overloaded  |                          |         |
| 16        | shapes.typed.overloaded  |                          |         |
| 16        | shapes/__init__.py       |                          |         |
| 16        | shapes/core.py           |                          |         |
| 16        | shapes/dual/__init__.py  |                          |         |
| 16        | shapes/dual/__init__.pyi |                          |         |
| 16        | shapes/models.py         |                          |         |
| 16        | shapes/ping.py           |                          |         |
| 16        | shapes/pong.py           |                          |         |
| 16        | shapes/typed.py          |                          |         |
| 16        | shapes/typed.pyi         |                          |         |
| 17        |                          |                          |         |
| 17        |                          |                          |         |
| 17        |                          |                          |         |
| 17        |                          |                          |         |
| 17        |                          |                          |         |
| 17        |                          |                          |         |
| 17        |                          |                          |         |
| 17        |                          |                          |         |
| 17        |                          |                          |         |
| 17        |                          |                          |         |
| 17        |                          |                          |         |
| 17        |                          |                          |         |
| 17        |                          |                          |         |
| 17        |                          |                          |         |
| 17        |                          |                          |         |
| 17        |                          |                          |         |
| 17        |                          |                          |         |
| 17        |                          |                          |         |
| 17        |                          |                          |         |
| 17        |                          |                          |         |
| 17        |                          |                          |         |
| 17        |                          |                          |         |
| 17        |                          |                          |         |
| 17        |                          |                          |         |
| 17        |                          |                          |         |
| 17        |                          |                          |         |
| 17        |                          |                          |         |
| 17        |                          |                          |         |
| 17        |                          |                          |         |
| 18        |                          |                          | 0       |
| 18        |                          |                          | 0       |
| 18        |                          |                          | 0       |
| 18        |                          |                          | 0       |
| 18        |                          |                          | 0       |
| 18        |                          |                          | 0       |
| 18        |                          |                          | 0       |
| 18        |                          |                          | 0       |
| 18        |                          |                          | 0       |
| 18        |                          |                          | 0       |
| 18        |                          |                          | 0       |
| 18        |                          |                          | 0       |
| 18        |                          |                          | 0       |
| 18        |                          |                          | 0       |
| 18        |                          |                          | 0       |
| 18        |                          |                          | 0       |
| 18        |                          |                          | 0       |
| 18        |                          |                          | 0       |
| 18        |                          |                          | 0       |
| 18        |                          |                          | 0       |
| 18        |                          |                          | 0       |
| 18        |                          |                          | 0       |
| 18        |                          |                          | 0       |
| 18        |                          |                          | 0       |
| 18        |                          |                          | 0       |
| 18        |                          |                          | 0       |
| 18        |                          |                          | 0       |
| 18        |                          |                          | 0       |
| 18        |                          |                          | 0       |
| 18        |                          |                          | 0       |
| 18        |                          |                          | 0       |
| 18        |                          |                          | 0       |
| 18        |                          |                          | 0       |
| 18        |                          |                          | 1       |
| 18        |                          |                          | 1       |
| 18        |                          |                          | 1       |
| 18        |                          |                          | 1       |
| 18        |                          |                          | 1       |
| 18        |                          |                          | 1       |
| 18        |                          |                          | 1       |
| 18        |                          |                          | 1       |
| 18        |                          |                          | 1       |
| 18        |                          |                          | 1       |
| 18        |                          |                          | 1       |
| 18        |                          |                          | 2       |
| 18        |                          |                          | 2       |
| 18        |                          |                          | 2       |
| 18        |                          |                          | 2       |
| 18        |                          |                          | 3       |
| 18        |                          |                          | 3       |
| 18        |                          |                          | 3       |
| 18        |                          |                          | 4       |
| 18        |                          |                          | 4       |
| 18        |                          |                          | 5       |
| 18        |                          |                          | 5       |
| 18        |                          |                          | 6       |
| 18        |                          |                          | 6       |
| 18        |                          |                          | 7       |
| 18        |                          |                          | 7       |
| 18        |                          |                          | 8       |
| 18        |                          |                          | 8       |
| 18        |                          |                          | 9       |
| 18        |                          |                          | 9       |
| 18        |                          |                          | 10      |
| 18        |                          |                          | 10      |
| 18        |                          |                          | 11      |
| 18        |                          |                          | 11      |
| 18        |                          |                          | 12      |
| 18        |                          |                          | 12      |
| 18        |                          |                          | 13      |
| 18        |                          |                          | 13      |
| 18        |                          |                          | 14      |
| 18        |                          |                          | 14      |
| 18        |                          |                          | 15      |
| 18        |                          |                          | 15      |
| 18        |                          |                          | 16      |
| 18        |                          |                          | 16      |
| 18        |                          |                          | 17      |
| 18        |                          |                          | 17      |
| 18        |                          |                          | 18      |
| 18        |                          |                          | 18      |
| 18        |                          |                          | 19      |
| 18        |                          |                          | 20      |
| 18        |                          |                          | 21      |
| 18        |                          |                          | 22      |
| 19        |                          | shapes.core.Point        |         |
| 19        |                          | shapes.core.apply_all    |         |
| 19        |                          | shapes.core.bottom       |         |
| 19        |                          | shapes.core.callee       |         |
| 19        |                          | shapes.core.compat       |         |
| 19        |                          | shapes.core.compat       |         |
| 19        |                          | shapes.core.dispatch     |         |
| 19        |                          | shapes.core.double       |         |
| 19        |                          | shapes.core.fact         |         |
| 19        |                          | shapes.core.left         |         |
| 19        |                          | shapes.core.lonely       |         |
| 19        |                          | shapes.core.make_point   |         |
| 19        |                          | shapes.core.mode         |         |
| 19        |                          | shapes.core.mode         |         |
| 19        |                          | shapes.core.nested       |         |
| 19        |                          | shapes.core.right        |         |
| 19        |                          | shapes.core.top          |         |
| 19        |                          | shapes.core.twice        |         |
| 19        |                          | shapes.core.unresolved   |         |
| 19        |                          | shapes.models.Base       |         |
| 19        |                          | shapes.models.Base.run   |         |
| 19        |                          | shapes.models.Child      |         |
| 19        |                          | shapes.models.Child.run  |         |
| 19        |                          | shapes.models.Plain      |         |
| 19        |                          | shapes.ping.ping         |         |
| 19        |                          | shapes.pong.pong         |         |
| 19        |                          | shapes.typed.overloaded  |         |
| 19        |                          | shapes.typed.overloaded  |         |
| 19        |                          | shapes.typed.overloaded  |         |
| 19        |                          |                          |         |
| 19        |                          |                          |         |
| 19        |                          |                          |         |
| 19        |                          |                          |         |
| 19        |                          |                          |         |
| 19        |                          |                          |         |
| 20        |                          |                          |         |
| 20        |                          |                          |         |
| 20        |                          |                          |         |
| 20        |                          |                          |         |
| 20        |                          |                          |         |
| 20        |                          |                          |         |
| 20        |                          |                          |         |
| 20        |                          |                          |         |
| 20        |                          |                          |         |
| 20        |                          |                          |         |
| 20        |                          |                          |         |
| 20        |                          |                          |         |
| 20        |                          |                          |         |
| 20        |                          |                          |         |
| 20        |                          |                          |         |
| 20        |                          |                          |         |
| 20        |                          |                          |         |
| 20        |                          |                          |         |
| 20        |                          |                          |         |
| 20        |                          |                          |         |
| 20        |                          |                          |         |
| 20        |                          |                          |         |
| 20        |                          |                          |         |
| 20        |                          |                          |         |
| 20        |                          |                          |         |
| 20        |                          |                          |         |
| 20        |                          |                          |         |
| 20        |                          |                          |         |
| 20        |                          |                          |         |
| 20        |                          |                          |         |
| 20        |                          |                          |         |
| 20        |                          |                          |         |
| 20        |                          |                          |         |
| 20        |                          |                          |         |
| 20        |                          |                          |         |
| 20        |                          |                          |         |
| 20        |                          |                          |         |
| 20        |                          |                          |         |
| 20        |                          |                          |         |
| 20        |                          |                          |         |
| 20        |                          |                          |         |
| 20        |                          |                          |         |
| 20        |                          |                          |         |
| 20        |                          |                          |         |
| 20        |                          |                          |         |
| 20        |                          |                          |         |
| 22        |                          | builtins:getattr         |         |
| 22        |                          | builtins:list            |         |
| 22        |                          | builtins:map             |         |
| 22        |                          | builtins:super           |         |
| 23        |                          |                          |         |
| 23        |                          |                          |         |
| 23        |                          |                          |         |
| 24        |                          | builtins:object.__init__ |         |
| 24        |                          | builtins:object.__init__ |         |
| 24        |                          | builtins:object.__new__  |         |
| 24        |                          | builtins:object.__new__  |         |
| 24        |                          | dataclasses:dataclass    |         |
| 24        |                          | shapes.core.double       |         |
| 25        | shapes/__init__.py       | depmod                   |         |
| 25        | shapes/__init__.py       | shapes/core.py           |         |
| 25        | shapes/__init__.py       | shapes/core.py           |         |
| 25        | shapes/__init__.py       | shapes/core.py           |         |
| 25        | shapes/__init__.py       | shapes/core.py           |         |
| 25        | shapes/__init__.py       | shapes/core.py           |         |
| 25        | shapes/__init__.py       | shapes/core.py           |         |
| 25        | shapes/__init__.py       | shapes/core.py           |         |
| 25        | shapes/__init__.py       | shapes/core.py           |         |
| 25        | shapes/__init__.py       | shapes/core.py           |         |
| 25        | shapes/__init__.py       | shapes/core.py           |         |
| 25        | shapes/__init__.py       | shapes/core.py           |         |
| 25        | shapes/__init__.py       | shapes/models.py         |         |
| 25        | shapes/__init__.py       | shapes/models.py         |         |
| 25        | shapes/__init__.py       | shapes/models.py         |         |
| 25        | shapes/__init__.py       | shapes/ping.py           |         |
| 25        | shapes/__init__.py       | shapes/typed.py          |         |
| 25        | shapes/core.py           | dataclasses              |         |
| 25        | shapes/core.py           | depmod                   |         |
| 25        | shapes/core.py           | sys                      |         |
| 25        | shapes/core.py           | typing                   |         |
| 25        | shapes/dual/__init__.py  | shapes/core.py           |         |
| 25        | shapes/dual/__init__.pyi | shapes/core.py           |         |
| 25        | shapes/models.py         | depmod                   |         |
| 25        | shapes/ping.py           | shapes/pong.py           |         |
| 25        | shapes/pong.py           | shapes/ping.py           |         |
| 25        | shapes/typed.pyi         | typing                   |         |
+-----------+--------------------------+--------------------------+---------+
## call graph
+-------------------------+------+--------------------------+----------+
| caller                  | site | callee                   | dst_kind |
+-------------------------+------+--------------------------+----------+
| shapes.core.apply_all   | 1070 | builtins:list.__init__   | 8        |
| shapes.core.apply_all   | 1070 | builtins:object.__new__  | 8        |
| shapes.core.apply_all   | 1075 | builtins:map.__new__     | 8        |
| shapes.core.apply_all   | 1075 | builtins:object.__init__ | 8        |
| shapes.core.bottom      | 563  | depmod:helper            | 8        |
| shapes.core.dispatch    | 757  | builtins:getattr         | 8        |
| shapes.core.fact        | 423  | shapes.core.fact         | 2        |
| shapes.core.left        | 461  | shapes.core.bottom       | 2        |
| shapes.core.make_point  | 961  | builtins:object.__new__  | 8        |
| shapes.core.make_point  | 961  | synthetic:CF:0:2         | 9        |
| shapes.core.nested      | 1187 | shapes.core.callee       | 2        |
| shapes.core.nested      | 1194 | shapes.core.double       | 2        |
| shapes.core.right       | 498  | shapes.core.bottom       | 2        |
| shapes.core.top         | 645  | shapes.core.left         | 2        |
| shapes.core.top         | 655  | shapes.core.right        | 2        |
| shapes.core.twice       | 308  | shapes.core.callee       | 2        |
| shapes.core.twice       | 329  | shapes.core.callee       | 2        |
| shapes.core.unresolved  | 818  | shapes.core.dispatch     | 2        |
| shapes.models.Child.run | 259  | builtins:object.__new__  | 8        |
| shapes.models.Child.run | 259  | builtins:super.__init__  | 8        |
| shapes.models.Child.run | 259  | shapes.models.Base.run   | 2        |
| shapes.ping.ping        | 99   | shapes.pong.pong         | 2        |
| shapes.pong.pong        | 58   | shapes.ping.ping         | 2        |
+-------------------------+------+--------------------------+----------+
