---
source: crates/cpg-core/tests/syntax.rs
expression: out
---
## observations: subject | role | declared | type
arg@1437 | argument | false | type[list]
arg@1494 | argument | false | Literal['']
arg@1506 | argument | false | Literal[True]
arg@1558 | argument | false | Literal[0]
arg@1569 | argument | false | Literal[False]
arg@1838 | argument | false | Literal['empty path']
arg@1915 | argument | false | str
arg@1966 | argument | false | Literal['x']
arg@1981 | argument | false | list[int]
arg@2008 | argument | false | Literal[3]
arg@2037 | argument | false | Literal['a']
arg@2042 | argument | false | Literal[1]
arg@2056 | argument | false | Literal[3]
arg@2071 | argument | false | Literal['you']
arg@2088 | argument | false | Literal[1]
arg@2104 | argument | false | Literal['h']
arg@727 | argument | false | Args[P]
arg@734 | argument | false | Kwargs[P]
call@1419 | call_result | false | list[str]
call@1476 | call_result | false | str
call@1540 | call_result | false | int
call@1584 | call_result | false | IdentityFunction
call@1826 | call_result | false | ConfigError
call@1908 | call_result | false | Config
call@1961 | call_result | false | Config
call@1975 | call_result | false | int
call@1993 | call_result | false | None
call@1993 | call_result | false | Box[int]
call@2015 | call_result | false | Pair[str, int]
call@2015 | call_result | false | tuple[int, str]
call@2049 | call_result | false | int
call@2063 | call_result | false | str
call@2082 | call_result | false | Point
call@2095 | call_result | false | Settings
call@725 | call_result | false | T
raise@1820 | raised | false | ConfigError
raise@1880 | raised | false | type[ValueError]
ts.Box.get() | return | true | T
ts.Box.get.self | parameter | false | Self@Box
ts.Box.put() | return | true | None
ts.Box.put.item | parameter | true | T
ts.Box.put.self | parameter | false | Self@Box
ts.Greeter.greet() | return | true | str
ts.Greeter.greet.name | parameter | true | str
ts.Greeter.greet.self | parameter | false | Self@Greeter
ts.Pair.swap() | return | true | tuple[V, K]
ts.Pair.swap.k | parameter | true | K
ts.Pair.swap.self | parameter | false | Self@Pair
ts.Pair.swap.v | parameter | true | V
ts.first() | return | true | T
ts.first.xs | parameter | true | list[T]
ts.ident() | return | true | T
ts.ident.x | parameter | true | T
ts.leaves() | return | true | int
ts.leaves.t | parameter | true | int | list[Tree]
ts.load() | return | true | Config
ts.load.path | parameter | true | str
ts.maybe() | return | true | dict[str, list[int]]
ts.maybe.x | parameter | true | int | None
ts.maybe.y | parameter | true | int | str | None
ts.model() | return | true | type[C]
ts.model.cls | parameter | true | type[C]
ts.use() | return | true | None
ts.use.g | parameter | true | Greeter
ts.wrap() | return | true | (ParamSpec(P)) -> list[T]
ts.wrap.f | parameter | true | (ParamSpec(P)) -> T
ts.wrap.inner() | return | true | list[T]
ts.wrap.inner.args | parameter | true | Args[P]
ts.wrap.inner.kwargs | parameter | true | Kwargs[P]
## type variables: display | kind | variable | binder
C | 12 | ts:1616-1617#0/pep695 | ts.model
T | 12 | ts:432-433#0/legacy | ts.first
T | 12 | ts:474-475#0/legacy | ts.ident
Args[P] | 13 | ts:616-617#0/legacy | ts.wrap
Kwargs[P] | 13 | ts:616-617#0/legacy | ts.wrap
P | 13 | ts:616-617#0/legacy | ts.wrap
T | 12 | ts:619-620#0/legacy | ts.wrap
T | 12 | ts:825-826#0/legacy | ts.Box
K | 12 | ts:934-935#0/pep695 | ts.Pair
V | 12 | ts:937-938#0/pep695 | ts.Pair
## classes: term | class
Box[int] | ts.Box
Config | ts.Config
ConfigError | ts.ConfigError
Greeter | ts.Greeter
Pair[str, int] | ts.Pair
Point | ts.Point
Self@Box | ts.Box
Self@Greeter | ts.Greeter
Self@Pair | ts.Pair
Settings | ts.Settings
dict[str, list[int]] | builtins#19
int | builtins#5
list[T] | builtins#18
list[T] | builtins#18
list[Tree] | builtins#18
list[int] | builtins#18
list[str] | builtins#18
str | builtins#10
type[ValueError] | builtins#60
type[list] | builtins#18
## record fields: class | kind | # | name | type | declared | default | init | alias | kw_only | required | read_only
ts.Config | 0 | 0 | name | str | true | false | true | - | - | - | -
ts.Config | 0 | 1 | retries | int | true | true | true | - | - | - | -
ts.Config | 0 | 2 | tags | list[str] | true | true | true | - | - | - | -
ts.Config | 0 | 3 | token | str | true | true | true | - | true | - | -
ts.Config | 0 | 4 | internal | int | true | true | false | - | - | - | -
ts.Movie | 3 | 0 | title | str | true | - | - | - | - | true | false
ts.Movie | 3 | 1 | year | int | true | - | - | - | - | false | false
ts.Point | 4 | 0 | x | int | true | false | - | - | - | - | -
ts.Point | 4 | 1 | y | int | true | true | - | - | - | - | -
ts.Settings | 0 | 0 | host | str | true | false | true | - | - | - | -
ts.Settings | 0 | 1 | port | int | true | true | true | - | - | - | -
## structure of `leaves`'s parameter type: parent | role | # | child
int | list[Tree] | 1 | 0 | int
int | list[Tree] | 1 | 1 | list[Tree]
list[Tree] | 0 | 0 | Tree
