---
source: crates/cpg-core/tests/syntax.rs
expression: text
---
## documents: path | title | parsed
docs/broken.mdx | - | false
docs/quickstart.mdx | Quickstart | true
## passages: ordinal | level | heading | path | span
0 | 0 | - |  | 27-95
1 | 2 | Install |  | 95-358
2 | 3 | Details | Install | 358-572
3 | 1 | Next |  | 572-595
4 | 2 | Limits | Next | 595-728
5 | 2 | Stopping | Next | 728-1494
## code blocks: passage | language | code
Install | python | from pkg import Server /  / server = Server()
Stopping | text | <Warning>A fence is not a component.</Warning>
## links: passage | url | text
Details | /reference/pkg-core#server | the reference
## components: document | ordinal | parent | depth | name | form | passage | inner | lead | attributes (name=value:kind)
docs/quickstart.mdx | 0 | - | 0 | Note | 0 | Install | Components hold code blocks too: /  / ```python / from pkg import Server /  / server = Server() / ``` | Components hold code blocks too: | 
docs/quickstart.mdx | 1 | - | 0 | Warning | 0 | Limits | `pkg.Server.tool` does not validate `fn`. | `pkg.Server.tool` does not validate `fn`. | 
docs/quickstart.mdx | 2 | - | 0 | ParamField | 0 | Stopping | Seconds to wait before stopping. /  / <Warning> / A `timeout` of zero stops at once. / </Warning> /  / <ParamField body="grace"> / A nested field is not a parameter of its own. / </ParamField> | Seconds to wait before stopping. | body=timeout:0 type=float:0
docs/quickstart.mdx | 3 | 2 | 1 | Warning | 0 | Stopping | A `timeout` of zero stops at once. | A `timeout` of zero stops at once. | 
docs/quickstart.mdx | 4 | 2 | 1 | ParamField | 0 | Stopping | A nested field is not a parameter of its own. | A nested field is not a parameter of its own. | body=grace:0
docs/quickstart.mdx | 5 | - | 0 | ParamField | 0 | Stopping | Not a parameter of the operation. | Not a parameter of the operation. | body=force:0
docs/quickstart.mdx | 6 | - | 0 | ParamField | 0 | Stopping | The docstring's description comes first. | The docstring's description comes first. | body=drain:0
docs/quickstart.mdx | 7 | - | 0 | VersionBadge | 0 | Stopping | - | - | version=2.0:0
docs/quickstart.mdx | 8 | - | 0 | Badge | 1 | Stopping | - | - | label=x:0
docs/quickstart.mdx | 9 | - | 0 | Tip | 1 | Stopping | a tip | - | level=1 + 1:1 ...=...rest:3 open=:2
docs/quickstart.mdx | 10 | - | 0 | Warning | 0 | Stopping | `pkg.Server.stop` may block. | `pkg.Server.stop` may block. | title=Heads up:0
## mentions: passage | class | source | form | target | modality | edge target
(preamble) | exact | code | `pkg.Server` | pkg.Server | 0 | pkg.Server
(preamble) | lexical | code | `Server` | pkg.Server | 1 | pkg.Server
Install | lexical | code | `make_server()` | pkg.make_server | 1 | pkg.make_server
Install | exact | code | `Server.tool` | pkg.core.Server.tool | 0 | pkg.core.Server.tool
Install | exact | code | `pkg.Server.tool` | pkg.core.Server.tool | 0 | pkg.core.Server.tool
Details | exact | code | `pkg.core.Server` | pkg.core.Server | 0 | pkg.core.Server
Details | lexical | prose | make_server | pkg.make_server | 1 | pkg.make_server
Limits | exact | code | `pkg.Server.tool` | pkg.core.Server.tool | 0 | pkg.core.Server.tool
Limits | exact | code | `pkg.Server.tool` | pkg.core.Server.tool | 0 | pkg.core.Server.tool
Stopping | exact | code | `pkg.Server.stop` | pkg.core.Server.stop | 0 | pkg.core.Server.stop
Stopping | exact | code | `pkg.Server.stop` | pkg.core.Server.stop | 0 | pkg.core.Server.stop
## modules: path | role (ADR-0015)
_lctx_blocks/d_docs_quickstart_mdx_45e57600/block_0.py | 3
examples/serve.py | 1
pkg/__init__.py | 0
pkg/core.py | 0
tests/test_pkg.py | 2
## corpus modules: path | coverage (family: status)
_lctx_blocks/d_docs_quickstart_mdx_45e57600/block_0.py | 2:0 3:0 7:0 8:0 9:0
examples/serve.py | 2:0 3:0 7:0 8:0 9:0
tests/test_pkg.py | 2:0 3:0 7:0 8:0 9:0
## code block → module
_lctx_blocks/d_docs_quickstart_mdx_45e57600/block_0.py | _lctx_blocks.d_docs_quickstart_mdx_45e57600.block_0
## usage calls reaching the release: call site | release callable
examples/serve.py:122 | pkg.core.make_server
examples/serve.py:142 | pkg.core.Server.run
tests/test_pkg.py:172 | pkg.core.make_server
tests/test_pkg.py:193 | pkg.core.Server.tool
## coverage: path | status | reason
docs/broken.mdx | 3 | 10
docs/quickstart.mdx | 0 | -
