---
source: crates/cpg-core/tests/syntax.rs
expression: out
---
lex/__init__.py:174 TYPE_CHECKING (scope 0@0) -> binding 10 in scope 0@0 at 115
lex/__init__.py:251 list (scope 0@0) -> builtin list
lex/__init__.py:357 counter (scope lex.bump) -> binding 3 in scope 0@0 at 257
lex/__init__.py:357 counter (scope lex.bump) -> binding 4 in scope 0@0 at 357
lex/__init__.py:381 counter (scope lex.bump) -> binding 3 in scope 0@0 at 257
lex/__init__.py:381 counter (scope lex.bump) -> binding 4 in scope 0@0 at 357
lex/__init__.py:473 total (scope lex.outer.inner) -> binding 3 in scope lex.outer at 413 (captured)
lex/__init__.py:473 total (scope lex.outer.inner) -> binding 4 in scope lex.outer at 473 (captured)
lex/__init__.py:482 x (scope lex.outer.inner) -> binding 2 in scope lex.outer.inner at 438
lex/__init__.py:486 scale (scope lex.outer.inner) -> binding 2 in scope lex.outer at 401 (captured)
lex/__init__.py:530 total (scope lex.outer.inner) -> binding 3 in scope lex.outer at 413 (captured)
lex/__init__.py:530 total (scope lex.outer.inner) -> binding 4 in scope lex.outer at 473 (captured)
lex/__init__.py:548 inner (scope lex.outer) -> binding 0 in scope lex.outer at 432
lex/__init__.py:603 name (scope 4@602) -> reason 1
lex/__init__.py:617 range (scope lex.Config) -> builtin range
lex/__init__.py:726 name_or_default (scope lex.Config.describe) -> binding 0 in scope 0@0 at 796
lex/__init__.py:742 self (scope lex.Config.describe) -> binding 2 in scope lex.Config.describe at 704
lex/__init__.py:829 getattr (scope lex.name_or_default) -> builtin getattr
lex/__init__.py:837 obj (scope lex.name_or_default) -> binding 2 in scope lex.name_or_default at 812
lex/__init__.py:907 x (scope 4@906) -> binding 13 in scope 4@906 at 917
lex/__init__.py:922 items (scope lex.filtered) -> binding 2 in scope lex.filtered at 884
lex/__init__.py:937 x (scope 4@906) -> binding 13 in scope 4@906 at 917
lex/__init__.py:956 doubled (scope lex.filtered) -> binding 3 in scope lex.filtered at 896
lex/__init__.py:965 y (scope lex.filtered) -> binding 12 in scope lex.filtered at 932
lex/__init__.py:979 z (scope 3@969) -> binding 2 in scope 3@969 at 976
lex/__init__.py:983 limit (scope 3@969) -> binding 3 in scope 0@0 at 269
lex/__init__.py:983 limit (scope 3@969) -> binding 3 in scope 0@0 at 280
lex/__init__.py:1062 len (scope lex.shadowed_builtin) -> binding 3 in scope lex.shadowed_builtin at 1029
lex/__init__.py:1067 max (scope lex.shadowed_builtin) -> builtin max
lex/__init__.py:1071 values (scope lex.shadowed_builtin) -> binding 2 in scope lex.shadowed_builtin at 1016
lex/__init__.py:1080 os (scope lex.shadowed_builtin) -> binding 9 in scope 0@0 at 88
lex/__init__.py:1133 helper_from_star (scope lex.uses_star) -> binding 11 in scope 0@0 at 154
lex/__init__.py:1153 open (scope lex.uses_star) -> binding 11 in scope 0@0 at 154
lex/flow.py:113 print (scope 0@0) -> builtin print
lex/flow.py:119 __name__ (scope 0@0) -> binding 20 in scope 0@0 at 0
lex/flow.py:129 __file__ (scope 0@0) -> binding 20 in scope 0@0 at 0
lex/flow.py:139 __doc__ (scope 0@0) -> binding 20 in scope 0@0 at 0
lex/flow.py:186 len (scope 0@0) -> binding 3 in scope 0@0 at 257
lex/flow.py:186 len (scope 0@0) -> builtin len
lex/flow.py:302 type (scope lex.flow.Model) -> binding 3 in scope lex.flow.Model at 349
lex/flow.py:302 type (scope lex.flow.Model) -> builtin type
lex/flow.py:499 __class__ (scope lex.flow.Model.which) -> binding 20 in scope lex.flow.Model at 281 (captured)
lex/flow.py:570 Callable (scope lex.flow.missing) -> reason 1
lex/flow.py:727 json_mod (scope lex.flow.use_lazy) -> binding 9 in scope 0@0 at 689
lex/flow.py:823 inner (scope lex.flow.order) -> binding 0 in scope lex.flow.order at 759
lex/flow.py:830 v (scope lex.flow.order) -> binding 3 in scope lex.flow.order at 795
lex/flow.py:830 v (scope lex.flow.order) -> binding 3 in scope lex.flow.order at 806
lex/flow.py:862 f (scope lex.flow.decorate) -> binding 2 in scope lex.flow.decorate at 847
lex/flow.py:891 decorate (scope lex.flow.outer_scope) -> binding 0 in scope 0@0 at 838
lex/flow.py:908 v (scope 3@900) -> binding 2 in scope lex.flow.outer_scope at 882 (captured)
lex/flow.py:928 v (scope 4@927) -> binding 2 in scope lex.flow.outer_scope at 882 (captured)
lex/flow.py:939 range (scope lex.flow.outer_scope) -> builtin range
lex/flow.py:966 w (scope lex.flow.outer_scope.inner) -> binding 2 in scope lex.flow.outer_scope.inner at 925
lex/flow.py:980 inner (scope lex.flow.outer_scope) -> binding 0 in scope lex.flow.outer_scope at 919
lex/helpers.py:121 path (scope lex.helpers.open) -> binding 2 in scope lex.helpers.open at 48
## bindings
lex/__init__.py:0 __annotations__ kind 20 in scope 0@0 #0
lex/__init__.py:0 __builtins__ kind 20 in scope 0@0 #1
lex/__init__.py:0 __cached__ kind 20 in scope 0@0 #2
lex/__init__.py:0 __debug__ kind 20 in scope 0@0 #3
lex/__init__.py:0 __dict__ kind 20 in scope 0@0 #4
lex/__init__.py:0 __doc__ kind 20 in scope 0@0 #11
lex/__init__.py:0 __file__ kind 20 in scope 0@0 #5
lex/__init__.py:0 __loader__ kind 20 in scope 0@0 #6
lex/__init__.py:0 __name__ kind 20 in scope 0@0 #7
lex/__init__.py:0 __package__ kind 20 in scope 0@0 #8
lex/__init__.py:0 __path__ kind 20 in scope 0@0 #9
lex/__init__.py:0 __spec__ kind 20 in scope 0@0 #10
lex/__init__.py:88 os kind 9 in scope 0@0 #12
lex/__init__.py:115 TYPE_CHECKING kind 10 in scope 0@0 #13
lex/__init__.py:154 * kind 11 in scope 0@0 #14
lex/__init__.py:221 Sequence kind 10 in scope 0@0 #15 [static 0 true]
lex/__init__.py:240 Sequence kind 3 in scope 0@0 #16 [static 0 false]
lex/__init__.py:257 counter kind 3 in scope 0@0 #17
lex/__init__.py:269 limit kind 3 in scope 0@0 #18
lex/__init__.py:280 limit kind 3 in scope 0@0 #19
lex/__init__.py:326 bump kind 0 in scope 0@0 #20
lex/__init__.py:345 counter kind 16 in scope lex.bump #0
lex/__init__.py:357 counter kind 4 in scope 0@0 #21
lex/__init__.py:395 outer kind 0 in scope 0@0 #22
lex/__init__.py:401 scale kind 2 in scope lex.outer #0
lex/__init__.py:413 total kind 3 in scope lex.outer #1
lex/__init__.py:432 inner kind 0 in scope lex.outer #2
lex/__init__.py:438 x kind 2 in scope lex.outer.inner #0
lex/__init__.py:459 total kind 17 in scope lex.outer.inner #1
lex/__init__.py:473 total kind 4 in scope lex.outer #3
lex/__init__.py:562 Config kind 1 in scope 0@0 #23
lex/__init__.py:574 name kind 3 in scope lex.Config #0
lex/__init__.py:594 names kind 3 in scope lex.Config #1
lex/__init__.py:612 _ kind 13 in scope 4@602 #0
lex/__init__.py:695 describe kind 0 in scope lex.Config #2
lex/__init__.py:704 self kind 2 in scope lex.Config.describe #0
lex/__init__.py:796 name_or_default kind 0 in scope 0@0 #24
lex/__init__.py:812 obj kind 2 in scope lex.name_or_default #0
lex/__init__.py:875 filtered kind 0 in scope 0@0 #25
lex/__init__.py:884 items kind 2 in scope lex.filtered #0
lex/__init__.py:896 doubled kind 3 in scope lex.filtered #1
lex/__init__.py:917 x kind 13 in scope 4@906 #0
lex/__init__.py:932 y kind 12 in scope lex.filtered #2
lex/__init__.py:976 z kind 2 in scope 3@969 #0
lex/__init__.py:999 shadowed_builtin kind 0 in scope 0@0 #26
lex/__init__.py:1016 values kind 2 in scope lex.shadowed_builtin #0
lex/__init__.py:1029 len kind 3 in scope lex.shadowed_builtin #1
lex/__init__.py:1109 uses_star kind 0 in scope 0@0 #27
lex/__init__.py:1213 dropped kind 0 in scope 0@0 #28
lex/__init__.py:1228 tmp kind 3 in scope lex.dropped #0
lex/__init__.py:1244 tmp kind 15 in scope lex.dropped #1
lex/flow.py:0 __annotations__ kind 20 in scope 0@0 #0
lex/flow.py:0 __builtins__ kind 20 in scope 0@0 #1
lex/flow.py:0 __cached__ kind 20 in scope 0@0 #2
lex/flow.py:0 __debug__ kind 20 in scope 0@0 #3
lex/flow.py:0 __dict__ kind 20 in scope 0@0 #4
lex/flow.py:0 __doc__ kind 20 in scope 0@0 #11
lex/flow.py:0 __file__ kind 20 in scope 0@0 #5
lex/flow.py:0 __loader__ kind 20 in scope 0@0 #6
lex/flow.py:0 __name__ kind 20 in scope 0@0 #7
lex/flow.py:0 __package__ kind 20 in scope 0@0 #8
lex/flow.py:0 __path__ kind 20 in scope 0@0 #9
lex/flow.py:0 __spec__ kind 20 in scope 0@0 #10
lex/flow.py:102 Annotated kind 10 in scope 0@0 #12
lex/flow.py:182 r kind 3 in scope 0@0 #13
lex/flow.py:257 len kind 3 in scope 0@0 #14
lex/flow.py:281 __class__ kind 20 in scope lex.flow.Model #0
lex/flow.py:287 Model kind 1 in scope 0@0 #15
lex/flow.py:298 a kind 3 in scope lex.flow.Model #1
lex/flow.py:349 type kind 3 in scope lex.flow.Model #2
lex/flow.py:378 tags kind 3 in scope lex.flow.Model #3
lex/flow.py:471 which kind 0 in scope lex.flow.Model #4
lex/flow.py:477 self kind 2 in scope lex.flow.Model.which #0
lex/flow.py:548 missing kind 0 in scope 0@0 #16
lex/flow.py:642 lazy kind 0 in scope 0@0 #17
lex/flow.py:661 json_mod kind 16 in scope lex.flow.lazy #0
lex/flow.py:689 json_mod kind 9 in scope 0@0 #18
lex/flow.py:704 use_lazy kind 0 in scope 0@0 #19
lex/flow.py:742 order kind 0 in scope 0@0 #20
lex/flow.py:759 inner kind 0 in scope lex.flow.order #0
lex/flow.py:785 v kind 17 in scope lex.flow.order.inner #0
lex/flow.py:795 v kind 3 in scope lex.flow.order #1
lex/flow.py:806 v kind 3 in scope lex.flow.order #2
lex/flow.py:838 decorate kind 0 in scope 0@0 #21
lex/flow.py:847 f kind 2 in scope lex.flow.decorate #0
lex/flow.py:870 outer_scope kind 0 in scope 0@0 #22
lex/flow.py:882 v kind 2 in scope lex.flow.outer_scope #0
lex/flow.py:919 inner kind 0 in scope lex.flow.outer_scope #1
lex/flow.py:925 w kind 2 in scope lex.flow.outer_scope.inner #0
lex/flow.py:934 _ kind 13 in scope 4@927 #0
lex/flow.py:992 twice kind 0 in scope 0@0 #23
lex/flow.py:1012 g1 kind 16 in scope lex.flow.twice #0
lex/flow.py:1023 g1 kind 3 in scope 0@0 #24
lex/helpers.py:0 __annotations__ kind 20 in scope 0@0 #0
lex/helpers.py:0 __builtins__ kind 20 in scope 0@0 #1
lex/helpers.py:0 __cached__ kind 20 in scope 0@0 #2
lex/helpers.py:0 __debug__ kind 20 in scope 0@0 #3
lex/helpers.py:0 __dict__ kind 20 in scope 0@0 #4
lex/helpers.py:0 __doc__ kind 20 in scope 0@0 #11
lex/helpers.py:0 __file__ kind 20 in scope 0@0 #5
lex/helpers.py:0 __loader__ kind 20 in scope 0@0 #6
lex/helpers.py:0 __name__ kind 20 in scope 0@0 #7
lex/helpers.py:0 __package__ kind 20 in scope 0@0 #8
lex/helpers.py:0 __path__ kind 20 in scope 0@0 #9
lex/helpers.py:0 __spec__ kind 20 in scope 0@0 #10
lex/helpers.py:4 helper_from_star kind 0 in scope 0@0 #12
lex/helpers.py:43 open kind 0 in scope 0@0 #13
lex/helpers.py:48 path kind 2 in scope lex.helpers.open #0
