---
source: crates/cpg-core/tests/syntax.rs
expression: consensus
---
{"vertices":4,"invocation_pairs":0,"co_use_pairs":4,"combined_pairs":5,"invocation_hub_threshold":0.0,"co_use_hub_threshold":5.0,"profile":[{"gamma":0.5,"mean_ari":0.5333333333333333,"sd_ari":0.498887651569859,"mean_nmi":0.5333333333333333,"min_nmi":0.0,"communities":2,"largest":3,"degenerate":true},{"gamma":1.0,"mean_ari":1.0,"sd_ari":0.0,"mean_nmi":1.0,"min_nmi":1.0,"communities":2,"largest":3,"degenerate":true},{"gamma":2.0,"mean_ari":1.0,"sd_ari":0.0,"mean_nmi":1.0,"min_nmi":1.0,"communities":4,"largest":1,"degenerate":true},{"gamma":4.0,"mean_ari":1.0,"sd_ari":0.0,"mean_nmi":1.0,"min_nmi":1.0,"communities":4,"largest":1,"degenerate":true}],"chosen_gamma":null,"communities":0,"reported":0,"below_agreement":0,"too_few_public":0,"extra_layers":[["mention",0,0.0],["knn",4,6.0]]}
