---
source: crates/lctx-model/src/condition/tests.rs
expression: ids
---
[
    (
        "true",
        "09cca79bfcf5f40b1dbf8ae323d847be",
    ),
    (
        "false",
        "2896aa8744e2f9b2af92ecb8e11196d1",
    ),
    (
        "a",
        "75b4b0105a8408601a15813ef4805167",
    ),
    (
        "a & b",
        "4327de840c9c7d28d0fd4296da67e513",
    ),
    (
        "a | b",
        "758893e545dfcd168c6073e38819874e",
    ),
    (
        "!a",
        "29ac96e37e94be1fc481947a624da37f",
    ),
]
