---
source: crates/cpg-schema/tests/codebooks.rs
expression: text
---
origin
  0 input_context
  1 source_observation
  2 analyzer_assertion
  3 derived_analysis
  4 synthetic_model
fidelity
  0 raw
  1 native_structural
  2 normalized_structural
  3 report_projection
  4 display_only
extraction_mode
  0 native_traversal
  1 report_decode
  2 relational_derivation
  3 graph_analysis
  4 recognizer
  5 statistical_analysis
  6 template_synthesis
  7 fixture_execution
  8 manual_review
modality
  0 definite
  1 candidate
  2 potential
coverage_status
  0 complete_under_stated_model
  1 partial
  2 not_requested
  3 unavailable
  4 failed
resolution_status
  0 resolved
  1 partial
  2 unresolved
  3 not_attempted
resolution_domain
  0 call
  1 attribute
  2 import
  3 name
  4 type
invocation_phase
  0 call
  1 new
  2 init
  3 decorator
  4 property_get
  5 property_set
boundary_reason
  0 native_unavailable
  1 unresolved_target
  2 unsupported_unpacking
  3 ambiguous_binding
  4 unsupported_control_flow
  5 scope_boundary
  6 budget_reached
  7 missing_evidence
  8 not_requested
  9 provider_disagreement
  10 outside_provider_model
  11 syntax_error
  12 undecodable_source
  13 no_source_declaration
  14 unreachable_in_context
  15 variable_origin
pysa_unresolved_reason
  0 LambdaArgument
  1 UnexpectedPyreflyTarget
  2 EmptyPyreflyCallTarget
  3 UnknownClassField
  4 ClassFieldOnlyExistInObject
  5 UnsupportedFunctionTarget
  6 UnexpectedDefiningClass
  7 UnexpectedInitMethod
  8 UnexpectedNewMethod
  9 UnexpectedCalleeExpression
  10 UnresolvedMagicDunderAttr
  11 UnresolvedMagicDunderAttrDueToNoBase
  12 UnresolvedMagicDunderAttrDueToNoAttribute
  13 Mixed
evidence_status
  0 structurally_observed
  1 documented
  2 statistically_derived
  3 fixture_checked
  4 unresolved
fact_family
  0 provenance
  1 exports
  2 signatures
  3 calls
  4 coverage
  5 publication
  6 graph
  7 syntax
  8 lexical
  9 types
  10 docs
  11 findings
  12 embedding_cache
scope_kind
  0 release
  1 module
  2 callable
  3 document
declaration_kind
  0 function
  1 async_function
  2 class
export_syntax_kind
  0 import
  1 import_from
  2 dunder_all
parameter_kind
  0 positional_only
  1 positional_or_keyword
  2 var_positional
  3 keyword_only
  4 var_keyword
signature_form
  0 list
  1 ellipsis
  2 param_spec
argument_kind
  0 positional
  1 starred
  2 keyword
  3 double_starred
pysa_site_kind
  0 regular
  1 artificial_call
  2 artificial_attribute_access
  3 identifier
  4 format_string_artificial
  5 format_string_stringify
pysa_target_kind
  0 function
  1 overrides
  2 unresolved
pysa_callee_kind
  0 call
  1 identifier
  2 attribute_access
  3 format_string_artificial
  4 format_string_stringify
implicit_receiver
  0 false
  1 true_with_class_receiver
  2 true_with_object_receiver
ancestry_relation
  0 base
  1 mro
module_origin
  0 site_packages
  1 search_path
  2 namespace
  3 memory
  4 bundled_typeshed
  5 bundled_typeshed_third_party
  6 bundled_third_party
  7 not_found
definition_kind
  0 function
  1 class
node_kind
  0 module
  1 class
  2 function
  3 parameter
  4 call_site
  5 argument
  6 export
  7 external_module
  8 external_symbol
  9 synthetic_callable
  10 syntax_node
  11 scope
  12 binding
  13 reference
  14 type
  15 field
  16 document
  17 passage
  18 code_block
edge_kind
  0 declares
  1 overload_of
  2 stub_for
  3 has_parameter
  4 exports
  5 encloses_call
  6 has_argument
  7 call_target
  8 higher_order_target
  9 base_class
  10 mro_entry
  11 overrides
  12 declared_in
  13 ast_child
  14 argument_value
  15 site_target
  16 owns_scope
  17 lexical_parent
  18 binds
  19 introduces
  20 reads_binding
  21 captures
  22 reads_builtin
  23 shadows
  24 potential_target
  25 imports_module
  26 has_type
  27 type_arg
  28 type_class
  29 has_field
  30 field_type
  31 contains_passage
  32 contains_block
  33 mentions
  34 block_module
  35 usage_link
symbol_kind
  0 module
  1 attribute
  2 variable
  3 constant
  4 parameter
  5 type_parameter
  6 type_alias
  7 function
  8 method
  9 class
derivation_class
  0 extracted
  1 analyzer
  2 joined
  3 recognizer
syntax_kind
  0 mod_module
  1 mod_expression
  2 stmt_function_def
  3 stmt_class_def
  4 stmt_return
  5 stmt_delete
  6 stmt_type_alias
  7 stmt_assign
  8 stmt_aug_assign
  9 stmt_ann_assign
  10 stmt_for
  11 stmt_while
  12 stmt_if
  13 stmt_with
  14 stmt_match
  15 stmt_raise
  16 stmt_try
  17 stmt_assert
  18 stmt_import
  19 stmt_import_from
  20 stmt_global
  21 stmt_nonlocal
  22 stmt_expr
  23 stmt_pass
  24 stmt_break
  25 stmt_continue
  26 stmt_ipy_escape_command
  27 expr_bool_op
  28 expr_named
  29 expr_bin_op
  30 expr_unary_op
  31 expr_lambda
  32 expr_if
  33 expr_dict
  34 expr_set
  35 expr_list_comp
  36 expr_set_comp
  37 expr_dict_comp
  38 expr_generator
  39 expr_await
  40 expr_yield
  41 expr_yield_from
  42 expr_compare
  43 expr_call
  44 expr_f_string
  45 expr_t_string
  46 expr_string_literal
  47 expr_bytes_literal
  48 expr_number_literal
  49 expr_boolean_literal
  50 expr_none_literal
  51 expr_ellipsis_literal
  52 expr_attribute
  53 expr_subscript
  54 expr_starred
  55 expr_name
  56 expr_list
  57 expr_tuple
  58 expr_slice
  59 expr_ipy_escape_command
  60 except_handler_except_handler
  61 interpolated_element
  62 interpolated_string_literal_element
  63 pattern_match_value
  64 pattern_match_singleton
  65 pattern_match_sequence
  66 pattern_match_mapping
  67 pattern_match_class
  68 pattern_match_star
  69 pattern_match_as
  70 pattern_match_or
  71 type_param_type_var
  72 type_param_type_var_tuple
  73 type_param_param_spec
  74 interpolated_string_format_spec
  75 pattern_arguments
  76 pattern_keyword
  77 comprehension
  78 arguments
  79 parameters
  80 parameter
  81 parameter_with_default
  82 keyword
  83 alias
  84 with_item
  85 match_case
  86 decorator
  87 elif_else_clause
  88 type_params
  89 f_string
  90 t_string
  91 string_literal
  92 bytes_literal
  93 identifier
syntax_field
  0 body
  1 orelse
  2 test
  3 handler
  4 finalbody
  5 target
  6 value
  7 exc
  8 cause
  9 msg
  10 subject
  11 case
  12 guard
  13 iter
  14 item
  15 annotation
  16 left
  17 right
  18 operand
  19 slice
  20 callee
  21 argument
  22 decorator
  23 element
  24 child
  25 default
lexical_scope_kind
  0 module
  1 class
  2 function
  3 lambda
  4 comprehension
binding_kind
  0 function_def
  1 class_def
  2 parameter
  3 assignment
  4 aug_assignment
  5 annotation_only
  6 for_target
  7 with_target
  8 except_handler
  9 import
  10 from_import
  11 star_import
  12 walrus
  13 comprehension_target
  14 match_capture
  15 del
  16 global
  17 nonlocal
  18 type_alias
  19 type_param
  20 implicit
static_branch
  0 type_checking
  1 version_info
  2 platform
  3 constant
  4 combined
type_term_kind
  0 class_instance
  1 class_object
  2 type_of
  3 typed_dict
  4 union
  5 intersection
  6 callable
  7 overload
  8 bound_method
  9 generic
  10 tuple
  11 literal
  12 type_var
  13 param_spec
  14 type_var_tuple
  15 module
  16 any
  17 never
  18 none
  19 type_alias
  20 self_type
  21 annotated
  22 unpack
  23 type_guard
  24 param_list
  25 special_form
  26 other
  27 truncated
type_arg_role
  0 argument
  1 member
  2 parameter
  3 return
  4 element
  5 variadic
  6 signature
  7 receiver
  8 function
  9 type_parameter
  10 target
  11 param_spec
  12 bound
  13 constraint
  14 default
type_role
  0 parameter
  1 return
  2 call_result
  3 argument
  4 raised
record_kind
  0 dataclass
  1 attrs
  2 pydantic
  3 typed_dict
  4 named_tuple
mention_class
  0 exact
  1 lexical
mention_source
  0 inline_code
  1 prose
source_role
  0 release
  1 example
  2 test
  3 doc_block
analytic_method
  0 pass_a_bfs
  1 pass_b_flows
  2 pass_c_handoffs
  3 leiden
  4 community_consensus
  5 pagerank
  6 fca_next_closure
  7 seed_selection
  8 knn
finding_kind
  0 public_alias
  1 direct_delegation
  2 bounded_delegation_path
  3 implementation_boundary
  4 incomplete_resolution
  5 traversal_stop
  6 forwarding
  7 transformed_argument
  8 conditional_raise
  9 handoff
  10 unfollowed_argument
  11 community
  12 centrality
  13 applicable_case
  14 implication
  15 doc_link
  16 community_label
stop_reason
  0 depth_limit
  1 vertex_budget
  2 edge_budget
  3 witness_limit
  4 subsystem_boundary
  5 external_boundary
  6 synthetic_boundary
  7 unresolved_site
  8 concept_budget
member_role
  0 access_path
  1 source_parameter
  2 value
  3 alias
  4 formal
  5 producer_site
  6 consumer_site
  7 conditional_call
  8 reason
  9 community_member
  10 supporting_site
  11 extent_member
  12 intent_attribute
  13 premise
  14 conclusion
  15 label
assertion_kind
  0 outcome
  1 public_access
  2 coordinates
  3 parameter
  4 analysis_boundary
  5 related
  6 control
  7 transformed_control
  8 restriction
  9 usage_pattern
  10 handoff
  11 unfollowed_control
  12 applicable_case
  13 implication
  14 doc_link
brief_section
  0 outcome
  1 public_access
  2 applicable_case
  3 controls
  4 usage_pattern
  5 limits
  6 evidence
  7 related
support_role
  0 support
  1 scope
evidence_kind
  0 fact
  1 span
  2 passage
  3 example
  4 fixture_run
review_state
  0 unreviewed
  1 accepted
  2 rejected
  3 needs_changes
arc_kind
  0 call
  1 definition
