---
source: crates/cpg-schema/tests/contracts.rs
expression: text
---
table catalog_signatures
family findings
key snapshot_id, signature_id
@lctx.family=findings
@lctx.table=catalog_signatures
snapshot_id: FixedSizeBinary(16) NOT NULL
signature_id: FixedSizeBinary(16) NOT NULL
callable_node_id: FixedSizeBinary(16) NOT NULL
declaration_node_id: FixedSizeBinary(16) NULL
constructor_class_id: FixedSizeBinary(16) NULL
module_node_id: FixedSizeBinary(16) NOT NULL
function_key: Utf8 NULL
signature_index: Int64 NULL
role: Utf8 NOT NULL
form: Utf8 NOT NULL
source_fact_id: FixedSizeBinary(16) NOT NULL
reason: Utf8 NULL
return_annotation: Utf8 NULL
docstring: Utf8 NULL
