---
source: crates/cpg-schema/tests/contracts.rs
expression: text
---
table catalog_scenarios
family findings
key snapshot_id, scenario_id
@lctx.family=findings
@lctx.table=catalog_scenarios
snapshot_id: FixedSizeBinary(16) NOT NULL
scenario_id: FixedSizeBinary(16) NOT NULL
primary_span_id: FixedSizeBinary(16) NOT NULL
detail: Utf8 NOT NULL
