---
source: crates/cpg-schema/tests/contracts.rs
expression: text
---
table concept_attributes
family findings
key snapshot_id, attribute_id
@lctx.family=findings
@lctx.table=concept_attributes
snapshot_id: FixedSizeBinary(16) NOT NULL
attribute_id: FixedSizeBinary(16) NOT NULL
kind: Int16 NOT NULL [lctx.codebook=concept_attribute_kind]
symbol: Utf8 NULL
parameter_kind: Int16 NULL [lctx.codebook=parameter_kind]
type_term_id: FixedSizeBinary(16) NULL
class_module: Utf8 NULL
class_key: Utf8 NULL
target_node_id: FixedSizeBinary(16) NULL
modality: Int16 NULL [lctx.codebook=modality]
phase: Int16 NULL [lctx.codebook=invocation_phase]
producer_modality: Int16 NULL [lctx.codebook=modality]
producer_phase: Int16 NULL [lctx.codebook=invocation_phase]
display: Utf8 NOT NULL
