---
source: crates/cpg-schema/tests/contracts.rs
expression: text
---
table catalog_type_args
family findings
key snapshot_id, parent_term_id, role, ordinal
check ordinal: ordinal >= 0
@lctx.family=findings
@lctx.table=catalog_type_args
snapshot_id: FixedSizeBinary(16) NOT NULL
parent_term_id: FixedSizeBinary(16) NOT NULL
role: Utf8 NOT NULL
ordinal: Int64 NOT NULL
child_term_id: FixedSizeBinary(16) NOT NULL
source_fact_id: FixedSizeBinary(16) NOT NULL
name: Utf8 NULL
parameter_kind: Utf8 NULL
required: Boolean NULL
