---
source: crates/cpg-extract/tests/variants.rs
expression: "lines.join(\"\\n\")"
---
1035-1040 site=1 binary callee=0 phase=0 ho= target=1:builtins:__add__ recv=builtins:int#5 unresolved= attr= | origin=4 modality=1
1053-1061 site=0  callee=0 phase=0 ho= target=0:@variants/__init__.py:inner recv= unresolved= attr= | origin=2 modality=0
1142-1150 site=0  callee=0 phase=1 ho= target=0:@variants/__init__.py:__new__ recv= unresolved= attr= | origin=2 modality=0
1142-1150 site=0  callee=0 phase=2 ho= target=0:@variants/__init__.py:__init__ recv=@variants/__init__.py:Child#2 unresolved= attr= | origin=2 modality=0
1155-1165 site=0  callee=2 phase=5 ho= target=1:@variants/__init__.py:size recv=@variants/__init__.py:Child#2 unresolved= attr=false | origin=2 modality=1
1182-1192 site=0  callee=2 phase=4 ho= target=1:@variants/__init__.py:size recv=@variants/__init__.py:Child#2 unresolved= attr=false | origin=2 modality=1
1206-1243 site=0  callee=0 phase=0 ho= target=0:@variants/__init__.py:apply recv= unresolved= attr= | origin=2 modality=0
1206-1243 site=0  callee=0 phase=0 ho=0 target=0:@variants/__init__.py:double recv= unresolved= attr= | origin=2 modality=2
1212-1218 site=3 double callee=1 phase=0 ho= target=0:@variants/__init__.py:double recv= unresolved= attr= | origin=2 modality=2
1220-1242 site=0  callee=0 phase=0 ho= target=0:@variants/__init__.py:dispatch recv= unresolved= attr= | origin=2 modality=0
1255-1278 site=0  callee=0 phase=0 ho= target=0:builtins:getattr recv= unresolved= attr= | origin=2 modality=0
1290-1299 site=0  callee=2 phase=0 ho= target=1:@variants/__init__.py:run recv=@variants/__init__.py:Child#2 unresolved= attr=false | origin=2 modality=2
1314-1319 site=5  callee=4 phase=0 ho= target=1:builtins:__format__ recv=builtins:str#10 unresolved= attr= | origin=4 modality=1
1322-1328 site=5  callee=4 phase=0 ho= target=1:builtins:__repr__ recv=builtins:object#0 unresolved= attr= | origin=4 modality=1
1333-1337 site=5  callee=4 phase=0 ho= target=2:: recv= unresolved=1 attr= | origin=4 modality=0
1340-1344 site=3 lazy callee=1 phase=0 ho= target=1:@variants/__init__.py:run recv=@variants/__init__.py:Child#2 unresolved= attr= | origin=2 modality=2
1340-1344 site=5  callee=4 phase=0 ho= target=1:builtins:__repr__ recv=builtins:object#0 unresolved= attr= | origin=4 modality=1
1350-1360 site=1 comparison callee=0 phase=0 ho= target=1:builtins:__gt__ recv=builtins:int#5 unresolved= attr= | origin=4 modality=1
1366-1377 site=0  callee=0 phase=1 ho= target=0:builtins:__new__ recv= unresolved= attr= | origin=2 modality=0
1366-1377 site=0  callee=0 phase=2 ho= target=0:builtins:__init__ recv= unresolved= attr= | origin=2 modality=0
1366-1377 site=1 str-call-to-dunder-method callee=0 phase=0 ho= target=1:builtins:__repr__ recv=builtins:object#0 unresolved= attr= | origin=4 modality=1
1395-1405 site=0  callee=0 phase=0 ho= target=0:@variants/__init__.py:double recv= unresolved= attr= | origin=2 modality=0
1496-1502 site=0  callee=2 phase=4 ho= target=0:@variants/__init__.py:size recv= unresolved= attr=true | origin=2 modality=1
1647-1653 site=3 double callee=1 phase=0 ho= target=0:@variants/__init__.py:double recv= unresolved= attr= | origin=2 modality=2
1684-1685 site=3 h callee=1 phase=0 ho= target=0:@variants/__init__.py:double recv= unresolved= attr= | origin=2 modality=2
1684-1685 site=3 h callee=1 phase=0 ho= target=2:: recv= unresolved=1 attr= | origin=2 modality=2
1744-1769 site=0  callee=0 phase=0 ho= target=0:builtins:getattr recv= unresolved= attr= | origin=2 modality=0
1744-1769 site=2 get-attr-constant-literal callee=2 phase=0 ho= target=2:: recv= unresolved=2 attr=false | origin=4 modality=2
1744-1769 site=2 get-attr-constant-literal callee=2 phase=4 ho= target=1:@variants/__init__.py:size recv=@variants/__init__.py:Child#2 unresolved= attr=false | origin=4 modality=1
354-362 site=1 for-decorated-target callee=0 phase=1 ho= target=0:builtins:__new__ recv= unresolved= attr= | origin=4 modality=0
354-362 site=1 for-decorated-target callee=0 phase=2 ho= target=0:builtins:__init__ recv=builtins:property#24 unresolved= attr= | origin=4 modality=0
413-417 site=3 size callee=1 phase=0 ho= target=0:@variants/__init__.py:size recv= unresolved= attr= | origin=2 modality=2
413-424 site=1 for-decorated-target callee=0 phase=0 ho= target=2:: recv= unresolved=5 attr= | origin=4 modality=0
506-510 site=3 Base callee=1 phase=1 ho= target=0:builtins:__new__ recv= unresolved= attr= | origin=2 modality=2
506-510 site=3 Base callee=1 phase=2 ho= target=0:builtins:__init__ recv=@variants/__init__.py:Base#1 unresolved= attr= | origin=2 modality=2
576-583 site=0  callee=0 phase=1 ho= target=0:builtins:__new__ recv= unresolved= attr= | origin=2 modality=0
576-583 site=0  callee=0 phase=2 ho= target=0:builtins:__init__ recv=builtins:super#4 unresolved= attr= | origin=2 modality=0
576-596 site=0  callee=0 phase=0 ho= target=2:: recv= unresolved=5 attr= | origin=2 modality=0
592-595 site=3 cls callee=1 phase=1 ho= target=0:@variants/__init__.py:__new__ recv= unresolved= attr= | origin=2 modality=2
592-595 site=3 cls callee=1 phase=2 ho= target=0:@variants/__init__.py:__init__ recv=@variants/__init__.py:Child#2 unresolved= attr= | origin=2 modality=2
723-730 site=0  callee=0 phase=1 ho= target=0:builtins:__new__ recv= unresolved= attr= | origin=2 modality=0
723-730 site=0  callee=0 phase=2 ho= target=0:builtins:__init__ recv=builtins:super#4 unresolved= attr= | origin=2 modality=0
723-737 site=0  callee=0 phase=0 ho= target=0:@variants/__init__.py:run recv=@variants/__init__.py:Child#2 unresolved= attr= | origin=2 modality=0
723-750 site=1 binary callee=0 phase=0 ho= target=1:builtins:__add__ recv=builtins:int#5 unresolved= attr= | origin=4 modality=1
808-822 site=0  callee=0 phase=0 ho= target=1:@variants/__init__.py:run recv=@variants/__init__.py:Base#1 unresolved= attr= | origin=2 modality=1
892-901 site=0  callee=0 phase=0 ho= target=2:: recv= unresolved=1 attr= | origin=2 modality=0
942-947 site=1 binary callee=0 phase=0 ho= target=1:builtins:__mul__ recv=builtins:int#5 unresolved= attr= | origin=4 modality=1
951-959 site=1 for-decorated-target callee=0 phase=0 ho= target=0:@variants/__init__.py:register recv= unresolved= attr= | origin=4 modality=0
boundary family=3 reason=10 1095-1113 call inside an annotation
